Component: ARM Compiler 5.05 update 1 (build 106) Tool: armlink [4d0efa]

==============================================================================

Section Cross References

    main.o(i.app_task_init) refers to printf8.o(i.__0printf$8) for __2printf
    main.o(i.app_task_init) refers to queue.o(i.xQueueGenericCreate) for xQueueGenericCreate
    main.o(i.app_task_init) refers to queue.o(i.xQueueCreateMutex) for xQueueCreateMutex
    main.o(i.app_task_init) refers to port.o(i.vPortEnterCritical) for vPortEnterCritical
    main.o(i.app_task_init) refers to tasks.o(i.xTaskCreate) for xTaskCreate
    main.o(i.app_task_init) refers to port.o(i.vPortExitCritical) for vPortExitCritical
    main.o(i.app_task_init) refers to queue.o(i.xQueueGenericReceive) for xQueueGenericReceive
    main.o(i.app_task_init) refers to oled.o(i.oled_clear) for oled_clear
    main.o(i.app_task_init) refers to oled.o(i.oled_show_string) for oled_show_string
    main.o(i.app_task_init) refers to queue.o(i.xQueueGenericSend) for xQueueGenericSend
    main.o(i.app_task_init) refers to tasks.o(i.vTaskDelete) for vTaskDelete
    main.o(i.app_task_init) refers to main.o(.data) for msgQueue
    main.o(i.app_task_init) refers to main.o(i.vFingerTask) for vFingerTask
    main.o(i.app_task_init) refers to main.o(i.vPwdTask) for vPwdTask
    main.o(i.app_task_init) refers to main.o(i.vKeyTask) for vKeyTask
    main.o(i.app_task_init) refers to main.o(i.vKeyMenuTask) for vKeyMenuTask
    main.o(i.app_task_init) refers to main.o(i.vOledTask) for vOledTask
    main.o(i.app_task_init) refers to main.o(i.vRfidTask) for vRfidTask
    main.o(i.app_task_init) refers to main.o(i.vUartCmdTask) for vUartCmdTask
    main.o(i.app_task_init) refers to main.o(i.vUnlockExecTask) for vUnlockExecTask
    main.o(i.app_task_init) refers to main.o(i.vManageTask) for vManageTask
    main.o(i.key_feedback) refers to delay.o(i.delay_ms) for delay_ms
    main.o(i.keyboard_mode_disable) refers to tasks.o(i.vTaskResume) for vTaskResume
    main.o(i.keyboard_mode_disable) refers to printf8.o(i.__0printf$8) for __2printf
    main.o(i.keyboard_mode_disable) refers to main.o(.data) for keyboard_mode_active
    main.o(i.keyboard_mode_enable) refers to tasks.o(i.vTaskSuspend) for vTaskSuspend
    main.o(i.keyboard_mode_enable) refers to printf8.o(i.__0printf$8) for __2printf
    main.o(i.keyboard_mode_enable) refers to main.o(.data) for keyboard_mode_active
    main.o(i.main) refers to misc.o(i.NVIC_PriorityGroupConfig) for NVIC_PriorityGroupConfig
    main.o(i.main) refers to delay.o(i.delay_init) for delay_init
    main.o(i.main) refers to led.o(i.led_init) for led_init
    main.o(i.main) refers to keypad.o(i.keypad_init) for keypad_init
    main.o(i.main) refers to oled.o(i.oled_init) for oled_init
    main.o(i.main) refers to rc522.o(i.rc522_init) for rc522_init
    main.o(i.main) refers to as608.o(i.as608_init) for as608_init
    main.o(i.main) refers to flash.o(i.flash_init) for flash_init
    main.o(i.main) refers to uart.o(i.uart1_init) for uart1_init
    main.o(i.main) refers to uart.o(i.uart2_init) for uart2_init
    main.o(i.main) refers to uart.o(i.uart3_init) for uart3_init
    main.o(i.main) refers to printf8.o(i.__0printf$8) for __2printf
    main.o(i.main) refers to flash.o(i.flash_get_card_count) for flash_get_card_count
    main.o(i.main) refers to flash.o(i.flash_get_card) for flash_get_card
    main.o(i.main) refers to flash.o(i.flash_get_password_count) for flash_get_password_count
    main.o(i.main) refers to flash.o(i.flash_get_password) for flash_get_password
    main.o(i.main) refers to tasks.o(i.xTaskCreate) for xTaskCreate
    main.o(i.main) refers to tasks.o(i.vTaskStartScheduler) for vTaskStartScheduler
    main.o(i.main) refers to rc522.o(.data) for rc522_ver
    main.o(i.main) refers to main.o(.data) for app_task_init_handle
    main.o(i.main) refers to main.o(i.app_task_init) for app_task_init
    main.o(i.manage_mode_disable) refers to tasks.o(i.vTaskResume) for vTaskResume
    main.o(i.manage_mode_disable) refers to printf8.o(i.__0printf$8) for __2printf
    main.o(i.manage_mode_disable) refers to main.o(.data) for manage_mode_active
    main.o(i.manage_mode_enable) refers to tasks.o(i.vTaskSuspend) for vTaskSuspend
    main.o(i.manage_mode_enable) refers to printf8.o(i.__0printf$8) for __2printf
    main.o(i.manage_mode_enable) refers to main.o(.data) for manage_mode_active
    main.o(i.vFingerTask) refers to tasks.o(i.vTaskSuspend) for vTaskSuspend
    main.o(i.vFingerTask) refers to as608.o(i.as608_search_finger) for as608_search_finger
    main.o(i.vFingerTask) refers to printf8.o(i.__0printf$8) for __2printf
    main.o(i.vFingerTask) refers to queue.o(i.xQueueGenericSend) for xQueueGenericSend
    main.o(i.vFingerTask) refers to delay.o(i.delay_ms) for delay_ms
    main.o(i.vFingerTask) refers to tasks.o(i.vTaskDelay) for vTaskDelay
    main.o(i.vFingerTask) refers to main.o(.data) for keyboard_mode_active
[...]
    i.USART_GetFlagStatus                    0x08001166   Section        0  stm32f4xx_usart.o(i.USART_GetFlagStatus)
    i.USART_GetITStatus                      0x08001180   Section        0  stm32f4xx_usart.o(i.USART_GetITStatus)
    i.USART_ITConfig                         0x080011d4   Section        0  stm32f4xx_usart.o(i.USART_ITConfig)
    i.USART_Init                             0x08001220   Section        0  stm32f4xx_usart.o(i.USART_Init)
    i.USART_ReceiveData                      0x080012f4   Section        0  stm32f4xx_usart.o(i.USART_ReceiveData)
    i.USART_SendData                         0x080012fe   Section        0  stm32f4xx_usart.o(i.USART_SendData)
    i.__0printf$8                            0x08001308   Section        0  printf8.o(i.__0printf$8)
    i.__0snprintf$8                          0x08001328   Section        0  printf8.o(i.__0snprintf$8)
    i.__0sprintf$8                           0x08001350   Section        0  printf8.o(i.__0sprintf$8)
    i.__scatterload_copy                     0x08001378   Section       14  handlers.o(i.__scatterload_copy)
    i.__scatterload_null                     0x08001386   Section        2  handlers.o(i.__scatterload_null)
    i.__scatterload_zeroinit                 0x08001388   Section       14  handlers.o(i.__scatterload_zeroinit)
    i._printf_core                           0x08001398   Section        0  printf8.o(i._printf_core)
    _printf_core                             0x08001399   Thumb Code   996  printf8.o(i._printf_core)
    i._printf_post_padding                   0x080017a8   Section        0  printf8.o(i._printf_post_padding)
    _printf_post_padding                     0x080017a9   Thumb Code    36  printf8.o(i._printf_post_padding)
    i._printf_pre_padding                    0x080017cc   Section        0  printf8.o(i._printf_pre_padding)
    _printf_pre_padding                      0x080017cd   Thumb Code    46  printf8.o(i._printf_pre_padding)
    i._snputc                                0x080017fa   Section        0  printf8.o(i._snputc)
    _snputc                                  0x080017fb   Thumb Code    22  printf8.o(i._snputc)
    i._sputc                                 0x08001810   Section        0  printf8.o(i._sputc)
    _sputc                                   0x08001811   Thumb Code    10  printf8.o(i._sputc)
    i.app_task_init                          0x0800181c   Section        0  main.o(i.app_task_init)
    i.as608_clear_all                        0x08001adc   Section        0  as608.o(i.as608_clear_all)
    i.as608_delete_finger                    0x08001bc8   Section        0  as608.o(i.as608_delete_finger)
    i.as608_enroll_finger                    0x08001cd4   Section        0  as608.o(i.as608_enroll_finger)
    i.as608_handshake                        0x080022a4   Section        0  as608.o(i.as608_handshake)
    i.as608_init                             0x08002374   Section        0  as608.o(i.as608_init)
    i.as608_receve_reply                     0x08002380   Section        0  as608.o(i.as608_receve_reply)
    as608_receve_reply                       0x08002381   Thumb Code   120  as608.o(i.as608_receve_reply)
    i.as608_search_finger                    0x080023fc   Section        0  as608.o(i.as608_search_finger)
    i.as608_send_cmd                         0x08002550   Section        0  as608.o(i.as608_send_cmd)
    as608_send_cmd                           0x08002551   Thumb Code    56  as608.o(i.as608_send_cmd)
    i.delay_init                             0x0800258c   Section        0  delay.o(i.delay_init)
    i.delay_ms                               0x080025b4   Section        0  delay.o(i.delay_ms)
    i.delay_us                               0x08002614   Section        0  delay.o(i.delay_us)
    i.flash_add_card                         0x08002678   Section        0  flash.o(i.flash_add_card)
    i.flash_add_password                     0x080026b0   Section        0  flash.o(i.flash_add_password)
    i.flash_delete_card                      0x08002700   Section        0  flash.o(i.flash_delete_card)
    i.flash_delete_password                  0x08002760   Section        0  flash.o(i.flash_delete_password)
    i.flash_get_card                         0x080027d0   Section        0  flash.o(i.flash_get_card)
    i.flash_get_card_count                   0x080027fc   Section        0  flash.o(i.flash_get_card_count)
    i.flash_get_password                     0x08002818   Section        0  flash.o(i.flash_get_password)
    i.flash_get_password_count               0x08002848   Section        0  flash.o(i.flash_get_password_count)
    i.flash_init                             0x08002864   Section        0  flash.o(i.flash_init)
    i.flash_save_all                         0x080029a0   Section        0  flash.o(i.flash_save_all)
    flash_save_all                           0x080029a1   Thumb Code    58  flash.o(i.flash_save_all)
    i.flash_save_card_uid                    0x080029e4   Section        0  flash.o(i.flash_save_card_uid)
    i.fputc                                  0x08002a10   Section        0  uart.o(i.fputc)
    i.key_feedback                           0x08002a34   Section        0  main.o(i.key_feedback)
    i.keyboard_mode_disable                  0x08002a54   Section        0  main.o(i.keyboard_mode_disable)
    i.keyboard_mode_enable                   0x08002aa4   Section        0  main.o(i.keyboard_mode_enable)
    i.keypad_init                            0x08002aec   Section        0  keypad.o(i.keypad_init)
    i.keypad_scan                            0x08002ba0   Section        0  keypad.o(i.keypad_scan)
    i.led_init                               0x08002bfc   Section        0  led.o(i.led_init)
    i.main                                   0x08002ca0   Section        0  main.o(i.main)
    i.manage_mode_disable                    0x08002ea4   Section        0  main.o(i.manage_mode_disable)
    i.manage_mode_enable                     0x08002f18   Section        0  main.o(i.manage_mode_enable)
    i.oled_clear                             0x08002f80   Section        0  oled.o(i.oled_clear)
    i.oled_init                              0x08002fb8   Section        0  oled.o(i.oled_init)
    i.oled_probe_addr                        0x080030b8   Section        0  oled.o(i.oled_probe_addr)
    oled_probe_addr                          0x080030b9   Thumb Code    22  oled.o(i.oled_probe_addr)
    i.oled_show_string                       0x080030d0   Section        0  oled.o(i.oled_show_string)
    i.parse_bl_cmd                           0x0800316c   Section        0  uart.o(i.parse_bl_cmd)
    i.parse_cmd                              0x08003284   Section        0  uart.o(i.parse_cmd)
    i.prvAddCurrentTaskToDelayedList         0x080037b4   Section        0  tasks.o(i.prvAddCurrentTaskToDelayedList)
    prvAddCurrentTaskToDelayedList           0x080037b5   Thumb Code   124  tasks.o(i.prvAddCurrentTaskToDelayedList)
    i.prvAddNewTaskToReadyList               0x0800384c   Section        0  tasks.o(i.prvAddNewTaskToReadyList)
    prvAddNewTaskToReadyList                 0x0800384d   Thumb Code   156  tasks.o(i.prvAddNewTaskToReadyList)
    i.prvCheckForValidListAndQueue           0x08003904   Section        0  timers.o(i.prvCheckForValidListAndQueue)
    prvCheckForValidListAndQueue             0x08003905   Thumb Code    72  timers.o(i.prvCheckForValidListAndQueue)
    i.prvCheckTasksWaitingTermination        0x08003968   Section        0  tasks.o(i.prvCheckTasksWaitingTermination)
    prvCheckTasksWaitingTermination          0x08003969   Thumb Code    86  tasks.o(i.prvCheckTasksWaitingTermination)
    i.prvCopyDataFromQueue                   0x080039cc   Section        0  queue.o(i.prvCopyDataFromQueue)
    prvCopyDataFromQueue                     0x080039cd   Thumb Code    42  queue.o(i.prvCopyDataFromQueue)
    i.prvCopyDataToQueue                     0x080039f6   Section        0  queue.o(i.prvCopyDataToQueue)
    prvCopyDataToQueue                       0x080039f7   Thumb Code   124  queue.o(i.prvCopyDataToQueue)
    i.prvDeleteTCB                           0x08003a72   Section        0  tasks.o(i.prvDeleteTCB)
    prvDeleteTCB                             0x08003a73   Thumb Code    18  tasks.o(i.prvDeleteTCB)
    i.prvGetNextExpireTime                   0x08003a84   Section        0  timers.o(i.prvGetNextExpireTime)
    prvGetNextExpireTime                     0x08003a85   Thumb Code    36  timers.o(i.prvGetNextExpireTime)
    i.prvHeapInit                            0x08003aac   Section        0  heap_4.o(i.prvHeapInit)
    prvHeapInit                              0x08003aad   Thumb Code    98  heap_4.o(i.prvHeapInit)
    i.prvIdleTask                            0x08003b28   Section        0  tasks.o(i.prvIdleTask)
    prvIdleTask                              0x08003b29   Thumb Code    32  tasks.o(i.prvIdleTask)
    i.prvInitialiseMutex                     0x08003b50   Section        0  queue.o(i.prvInitialiseMutex)
    prvInitialiseMutex                       0x08003b51   Thumb Code    28  queue.o(i.prvInitialiseMutex)
    i.prvInitialiseNewQueue                  0x08003b6c   Section        0  queue.o(i.prvInitialiseNewQueue)
    prvInitialiseNewQueue                    0x08003b6d   Thumb Code    42  queue.o(i.prvInitialiseNewQueue)
    i.prvInitialiseNewTask                   0x08003b96   Section        0  tasks.o(i.prvInitialiseNewTask)
    prvInitialiseNewTask                     0x08003b97   Thumb Code   180  tasks.o(i.prvInitialiseNewTask)
    i.prvInitialiseTaskLists                 0x08003c4c   Section        0  tasks.o(i.prvInitialiseTaskLists)
    prvInitialiseTaskLists                   0x08003c4d   Thumb Code    70  tasks.o(i.prvInitialiseTaskLists)
    i.prvInsertBlockIntoFreeList             0x08003cb4   Section        0  heap_4.o(i.prvInsertBlockIntoFreeList)
    prvInsertBlockIntoFreeList               0x08003cb5   Thumb Code    96  heap_4.o(i.prvInsertBlockIntoFreeList)
    i.prvInsertTimerInActiveList             0x08003d1c   Section        0  timers.o(i.prvInsertTimerInActiveList)
    prvInsertTimerInActiveList               0x08003d1d   Thumb Code    80  timers.o(i.prvInsertTimerInActiveList)
    i.prvIsQueueEmpty                        0x08003d74   Section        0  queue.o(i.prvIsQueueEmpty)
    prvIsQueueEmpty                          0x08003d75   Thumb Code    26  queue.o(i.prvIsQueueEmpty)
    i.prvIsQueueFull                         0x08003d8e   Section        0  queue.o(i.prvIsQueueFull)
    prvIsQueueFull                           0x08003d8f   Thumb Code    30  queue.o(i.prvIsQueueFull)
    i.prvProcessExpiredTimer                 0x08003dac   Section        0  timers.o(i.prvProcessExpiredTimer)
    prvProcessExpiredTimer                   0x08003dad   Thumb Code    94  timers.o(i.prvProcessExpiredTimer)
    i.prvProcessReceivedCommands             0x08003e10   Section        0  timers.o(i.prvProcessReceivedCommands)
    prvProcessReceivedCommands               0x08003e11   Thumb Code   242  timers.o(i.prvProcessReceivedCommands)
    i.prvProcessTimerOrBlockTask             0x08003f08   Section        0  timers.o(i.prvProcessTimerOrBlockTask)
    prvProcessTimerOrBlockTask               0x08003f09   Thumb Code   102  timers.o(i.prvProcessTimerOrBlockTask)
    i.prvResetNextTaskUnblockTime            0x08003f7c   Section        0  tasks.o(i.prvResetNextTaskUnblockTime)
    prvResetNextTaskUnblockTime              0x08003f7d   Thumb Code    42  tasks.o(i.prvResetNextTaskUnblockTime)
    i.prvSampleTimeNow                       0x08003fb0   Section        0  timers.o(i.prvSampleTimeNow)
    prvSampleTimeNow                         0x08003fb1   Thumb Code    40  timers.o(i.prvSampleTimeNow)
    i.prvSwitchTimerLists                    0x08003fdc   Section        0  timers.o(i.prvSwitchTimerLists)
    prvSwitchTimerLists                      0x08003fdd   Thumb Code   150  timers.o(i.prvSwitchTimerLists)
    i.prvTaskExitError                       0x0800407c   Section        0  port.o(i.prvTaskExitError)
    prvTaskExitError                         0x0800407d   Thumb Code    60  port.o(i.prvTaskExitError)
    i.prvTaskIsTaskSuspended                 0x080040bc   Section        0  tasks.o(i.prvTaskIsTaskSuspended)
    prvTaskIsTaskSuspended                   0x080040bd   Thumb Code    80  tasks.o(i.prvTaskIsTaskSuspended)
    i.prvTimerTask                           0x08004114   Section        0  timers.o(i.prvTimerTask)
    prvTimerTask                             0x08004115   Thumb Code    26  timers.o(i.prvTimerTask)
    i.prvUnlockQueue                         0x0800412e   Section        0  queue.o(i.prvUnlockQueue)
    prvUnlockQueue                           0x0800412f   Thumb Code   126  queue.o(i.prvUnlockQueue)
    i.pvPortMalloc                           0x080041ac   Section        0  heap_4.o(i.pvPortMalloc)
    i.pvTaskIncrementMutexHeldCount          0x080042e8   Section        0  tasks.o(i.pvTaskIncrementMutexHeldCount)
    i.pxPortInitialiseStack                  0x08004308   Section        0  port.o(i.pxPortInitialiseStack)
    i.rc522_delay_ms                         0x08004334   Section        0  rc522.o(i.rc522_delay_ms)
    rc522_delay_ms                           0x08004335   Thumb Code    32  rc522.o(i.rc522_delay_ms)
    i.rc522_init                             0x08004354   Section        0  rc522.o(i.rc522_init)
    i.rc522_read_card                        0x08004434   Section        0  rc522.o(i.rc522_read_card)
    i.read_col                               0x08004478   Section        0  keypad.o(i.read_col)
    read_col                                 0x08004479   Thumb Code    62  keypad.o(i.read_col)
    i.set_row_low                            0x080044c4   Section        0  keypad.o(i.set_row_low)
    set_row_low                              0x080044c5   Thumb Code    88  keypad.o(i.set_row_low)
    i.spi_delay                              0x08004528   Section        0  rc522.o(i.spi_delay)
    spi_delay                                0x08004529   Thumb Code    28  rc522.o(i.spi_delay)
    i.uart1_init                             0x08004544   Section        0  uart.o(i.uart1_init)
    i.uart2_init                             0x08004620   Section        0  uart.o(i.uart2_init)
    i.uart2_putc                             0x080046a8   Section        0  uart.o(i.uart2_putc)
    i.uart2_puts                             0x080046c8   Section        0  uart.o(i.uart2_puts)
    i.uart3_init                             0x080046e0   Section        0  uart.o(i.uart3_init)
    i.uart3_putc                             0x08004794   Section        0  uart.o(i.uart3_putc)
    i.uart3_puts                             0x080047b4   Section        0  uart.o(i.uart3_puts)
    i.uxListRemove                           0x080047ca   Section        0  list.o(i.uxListRemove)
    i.vFingerTask                            0x080047f4   Section        0  main.o(i.vFingerTask)
    i.vKeyMenuTask                           0x080048a0   Section        0  main.o(i.vKeyMenuTask)
    i.vKeyTask                               0x08004fec   Section        0  main.o(i.vKeyTask)
    i.vListInitialise                        0x08005194   Section        0  list.o(i.vListInitialise)
    i.vListInitialiseItem                    0x080051ae   Section        0  list.o(i.vListInitialiseItem)
    i.vListInsert                            0x080051b4   Section        0  list.o(i.vListInsert)
    i.vListInsertEnd                         0x080051e8   Section        0  list.o(i.vListInsertEnd)
    i.vManageTask                            0x08005200   Section        0  main.o(i.vManageTask)
    i.vOledTask                              0x08005ad4   Section        0  main.o(i.vOledTask)
    i.vPortEnterCritical                     0x08005c24   Section        0  port.o(i.vPortEnterCritical)
    i.vPortExitCritical                      0x08005c78   Section        0  port.o(i.vPortExitCritical)
    i.vPortFree                              0x08005cb4   Section        0  heap_4.o(i.vPortFree)
    i.vPortSetupTimerInterrupt               0x08005d48   Section        0  port.o(i.vPortSetupTimerInterrupt)
    i.vPortValidateInterruptPriority         0x08005d68   Section        0  port.o(i.vPortValidateInterruptPriority)
    i.vPwdTask                               0x08005de0   Section        0  main.o(i.vPwdTask)
    i.vQueueAddToRegistry                    0x080061a4   Section        0  queue.o(i.vQueueAddToRegistry)
    i.vQueueWaitForMessageRestricted         0x080061d0   Section        0  queue.o(i.vQueueWaitForMessageRestricted)
    i.vRfidTask                              0x0800621c   Section        0  main.o(i.vRfidTask)
    i.vTaskDelay                             0x080063a4   Section        0  tasks.o(i.vTaskDelay)
    i.vTaskDelete                            0x08006400   Section        0  tasks.o(i.vTaskDelete)
    i.vTaskMissedYield                       0x080064f4   Section        0  tasks.o(i.vTaskMissedYield)
    i.vTaskPlaceOnEventList                  0x08006500   Section        0  tasks.o(i.vTaskPlaceOnEventList)
    i.vTaskPlaceOnEventListRestricted        0x08006538   Section        0  tasks.o(i.vTaskPlaceOnEventListRestricted)
    i.vTaskPriorityInherit                   0x08006578   Section        0  tasks.o(i.vTaskPriorityInherit)
    i.vTaskResume                            0x08006628   Section        0  tasks.o(i.vTaskResume)
    i.vTaskSetTimeOutState                   0x080066b8   Section        0  tasks.o(i.vTaskSetTimeOutState)
    i.vTaskStartScheduler                    0x080066e8   Section        0  tasks.o(i.vTaskStartScheduler)
    i.vTaskSuspend                           0x0800677c   Section        0  tasks.o(i.vTaskSuspend)
    i.vTaskSuspendAll                        0x08006860   Section        0  tasks.o(i.vTaskSuspendAll)
    i.vTaskSwitchContext                     0x08006870   Section        0  tasks.o(i.vTaskSwitchContext)
    i.vUartCmdTask                           0x080068fc   Section        0  main.o(i.vUartCmdTask)
    i.vUnlockExecTask                        0x08006910   Section        0  main.o(i.vUnlockExecTask)
    i.wifi_auto_connect                      0x08006bc8   Section        0  uart.o(i.wifi_auto_connect)
    i.wifi_clear_buf                         0x080074c8   Section        0  uart.o(i.wifi_clear_buf)
    wifi_clear_buf                           0x080074c9   Thumb Code    22  uart.o(i.wifi_clear_buf)
    i.wifi_find_str                          0x080074ec   Section        0  uart.o(i.wifi_find_str)
    wifi_find_str                            0x080074ed   Thumb Code    42  uart.o(i.wifi_find_str)
    i.wifi_wait_response                     0x0800751c   Section        0  uart.o(i.wifi_wait_response)
    wifi_wait_response                       0x0800751d   Thumb Code    60  uart.o(i.wifi_wait_response)
    i.xPortStartScheduler                    0x080075a8   Section        0  port.o(i.xPortStartScheduler)
    i.xQueueCreateMutex                      0x080076e4   Section        0  queue.o(i.xQueueCreateMutex)
    i.xQueueGenericCreate                    0x08007706   Section        0  queue.o(i.xQueueGenericCreate)
    i.xQueueGenericReceive                   0x08007760   Section        0  queue.o(i.xQueueGenericReceive)
    i.xQueueGenericReset                     0x08007924   Section        0  queue.o(i.xQueueGenericReset)
    i.xQueueGenericSend                      0x080079bc   Section        0  queue.o(i.xQueueGenericSend)
    i.xQueueGenericSendFromISR               0x08007b64   Section        0  queue.o(i.xQueueGenericSendFromISR)
    i.xTaskCheckForTimeOut                   0x08007c5c   Section        0  tasks.o(i.xTaskCheckForTimeOut)
    i.xTaskCreate                            0x08007ce8   Section        0  tasks.o(i.xTaskCreate)
    i.xTaskGetSchedulerState                 0x08007d48   Section        0  tasks.o(i.xTaskGetSchedulerState)
    i.xTaskGetTickCount                      0x08007d68   Section        0  tasks.o(i.xTaskGetTickCount)
    i.xTaskIncrementTick                     0x08007d74   Section        0  tasks.o(i.xTaskIncrementTick)
    i.xTaskPriorityDisinherit                0x08007ebc   Section        0  tasks.o(i.xTaskPriorityDisinherit)
    i.xTaskRemoveFromEventList               0x08007f84   Section        0  tasks.o(i.xTaskRemoveFromEventList)
    i.xTaskResumeAll                         0x0800801c   Section        0  tasks.o(i.xTaskResumeAll)
    i.xTimerCreateTimerTask                  0x08008120   Section        0  timers.o(i.xTimerCreateTimerTask)
    i.xTimerGenericCommand                   0x08008178   Section        0  timers.o(i.xTimerGenericCommand)
    .constdata                               0x080081fc   Section     1520  oled.o(.constdata)
    .constdata                               0x080087ec   Section       16  keypad.o(.constdata)
    .conststring                             0x080087fc   Section      297  main.o(.conststring)
    .data                                    0x20000000   Section      132  main.o(.data)
    .data                                    0x20000084   Section        1  oled.o(.data)
    oled_addr                                0x20000084   Data           1  oled.o(.data)
    .data                                    0x20000085   Section        1  rc522.o(.data)
    .data                                    0x20000086   Section        1  as608.o(.data)
    .data                                    0x20000088   Section        4  flash.o(.data)
    .data                                    0x2000008c   Section       84  uart.o(.data)
    .data                                    0x200000e0   Section       24  heap_4.o(.data)
    xStart                                   0x200000e0   Data           8  heap_4.o(.data)
    pxEnd                                    0x200000e8   Data           4  heap_4.o(.data)
    xFreeBytesRemaining                      0x200000ec   Data           4  heap_4.o(.data)
    xMinimumEverFreeBytesRemaining           0x200000f0   Data           4  heap_4.o(.data)
    xBlockAllocatedBit                       0x200000f4   Data           4  heap_4.o(.data)
    .data                                    0x200000f8   Section       12  port.o(.data)
    uxCriticalNesting                        0x200000f8   Data           4  port.o(.data)
    ucMaxSysCallPriority                     0x200000fc   Data           1  port.o(.data)
    ulMaxPRIGROUPValue                       0x20000100   Data           4  port.o(.data)
    .data                                    0x20000104   Section       60  tasks.o(.data)
    pxDelayedTaskList                        0x20000108   Data           4  tasks.o(.data)
    pxOverflowDelayedTaskList                0x2000010c   Data           4  tasks.o(.data)
    uxDeletedTasksWaitingCleanUp             0x20000110   Data           4  tasks.o(.data)
    uxCurrentNumberOfTasks                   0x20000114   Data           4  tasks.o(.data)
    xTickCount                               0x20000118   Data           4  tasks.o(.data)
    uxTopReadyPriority                       0x2000011c   Data           4  tasks.o(.data)
    xSchedulerRunning                        0x20000120   Data           4  tasks.o(.data)
    uxPendedTicks                            0x20000124   Data           4  tasks.o(.data)
    xYieldPending                            0x20000128   Data           4  tasks.o(.data)
    xNumOfOverflows                          0x2000012c   Data           4  tasks.o(.data)
    uxTaskNumber                             0x20000130   Data           4  tasks.o(.data)
    xNextTaskUnblockTime                     0x20000134   Data           4  tasks.o(.data)
    xIdleTaskHandle                          0x20000138   Data           4  tasks.o(.data)
    uxSchedulerSuspended                     0x2000013c   Data           4  tasks.o(.data)
    .data                                    0x20000140   Section       20  timers.o(.data)
    pxCurrentTimerList                       0x20000140   Data           4  timers.o(.data)
    pxOverflowTimerList                      0x20000144   Data           4  timers.o(.data)
    xTimerQueue                              0x20000148   Data           4  timers.o(.data)
    xTimerTaskHandle                         0x2000014c   Data           4  timers.o(.data)
    xLastTime                                0x20000150   Data           4  timers.o(.data)
    .data                                    0x20000154   Section       16  stm32f4xx_rcc.o(.data)
    APBAHBPrescTable                         0x20000154   Data          16  stm32f4xx_rcc.o(.data)
    .data                                    0x20000164   Section       20  system_stm32f4xx.o(.data)
    .bss                                     0x20000178   Section       76  flash.o(.bss)
    flash_data                               0x20000178   Data          76  flash.o(.bss)
    .bss                                     0x200001c4   Section      128  uart.o(.bss)
    .bss                                     0x20000244   Section    76800  heap_4.o(.bss)
    ucHeap                                   0x20000244   Data       76800  heap_4.o(.bss)
    .bss                                     0x20012e44   Section       64  queue.o(.bss)
    .bss                                     0x20012e84   Section      400  tasks.o(.bss)
    pxReadyTasksLists                        0x20012e84   Data         300  tasks.o(.bss)
    xDelayedTaskList1                        0x20012fb0   Data          20  tasks.o(.bss)
    xDelayedTaskList2                        0x20012fc4   Data          20  tasks.o(.bss)
    xPendingReadyList                        0x20012fd8   Data          20  tasks.o(.bss)
    xTasksWaitingTermination                 0x20012fec   Data          20  tasks.o(.bss)
    xSuspendedTaskList                       0x20013000   Data          20  tasks.o(.bss)
    .bss                                     0x20013014   Section       40  timers.o(.bss)
    xActiveTimerList1                        0x20013014   Data          20  timers.o(.bss)
    xActiveTimerList2                        0x20013028   Data          20  timers.o(.bss)
    STACK                                    0x20013040   Section     1024  startup_stm32f40_41xxx.o(STACK)

    Global Symbols

    Symbol Name                              Value     Ov Type        Size  Object(Section)

    BuildAttributes$$THM_ISAv4$E$P$D$K$B$S$7EM$VFPi3$EXTD16$VFPS$VFMA$PE$A:L22UL41UL21$X:L11$S22US41US21$IEEE1$IW$USESV6$~STKCKD$USESV7$~SHL$OSPACE$ROPI$EBA8$MICROLIB$REQ8$PRES8$EABIv2 0x00000000   Number         0  anon$$obj.o ABSOLUTE
    __ARM_use_no_argv                        0x00000000   Number         0  main.o ABSOLUTE
    __use_no_errno                           0x00000000   Number         0  useno.o ABSOLUTE
    __use_no_exception_handling              0x00000000   Number         0  useno.o ABSOLUTE
    __use_no_fp                              0x00000000   Number         0  useno.o ABSOLUTE
    __use_no_heap                            0x00000000   Number         0  useno.o ABSOLUTE
    __use_no_heap_region                     0x00000000   Number         0  useno.o ABSOLUTE
    __use_no_semihosting                     0x00000000   Number         0  useno.o ABSOLUTE
    __use_no_semihosting_swi                 0x00000000   Number         0  useno.o ABSOLUTE
    __use_no_signal_handling                 0x00000000   Number         0  useno.o ABSOLUTE
    _printf_a                                0x00000000   Number         0  stubs.o ABSOLUTE
    _printf_c                                0x00000000   Number         0  stubs.o ABSOLUTE
    _printf_charcount                        0x00000000   Number         0  stubs.o ABSOLUTE
    _printf_d                                0x00000000   Number         0  stubs.o ABSOLUTE
    _printf_e                                0x00000000   Number         0  stubs.o ABSOLUTE
    _printf_f                                0x00000000   Number         0  stubs.o ABSOLUTE
    _printf_flags                            0x00000000   Number         0  stubs.o ABSOLUTE
    _printf_fp_dec                           0x00000000   Number         0  stubs.o ABSOLUTE
    _printf_fp_hex                           0x00000000   Number         0  stubs.o ABSOLUTE
    _printf_g                                0x00000000   Number         0  stubs.o ABSOLUTE
    _printf_i                                0x00000000   Number         0  stubs.o ABSOLUTE
    _printf_int_dec                          0x00000000   Number         0  stubs.o ABSOLUTE
    _printf_l                                0x00000000   Number         0  stubs.o ABSOLUTE
    _printf_lc                               0x00000000   Number         0  stubs.o ABSOLUTE
    _printf_ll                               0x00000000   Number         0  stubs.o ABSOLUTE
    _printf_lld                              0x00000000   Number         0  stubs.o ABSOLUTE
    _printf_lli                              0x00000000   Number         0  stubs.o ABSOLUTE
    _printf_llo                              0x00000000   Number         0  stubs.o ABSOLUTE
    _printf_llu                              0x00000000   Number         0  stubs.o ABSOLUTE
    _printf_llx                              0x00000000   Number         0  stubs.o ABSOLUTE
    _printf_longlong_dec                     0x00000000   Number         0  stubs.o ABSOLUTE
    _printf_longlong_hex                     0x00000000   Number         0  stubs.o ABSOLUTE
    _printf_longlong_oct                     0x00000000   Number         0  stubs.o ABSOLUTE
    _printf_ls                               0x00000000   Number         0  stubs.o ABSOLUTE
    _printf_mbtowc                           0x00000000   Number         0  stubs.o ABSOLUTE
    _printf_n                                0x00000000   Number         0  stubs.o ABSOLUTE
    _printf_o                                0x00000000   Number         0  stubs.o ABSOLUTE
    _printf_p                                0x00000000   Number         0  stubs.o ABSOLUTE
    _printf_percent                          0x00000000   Number         0  stubs.o ABSOLUTE
    _printf_pre_padding                      0x00000000   Number         0  stubs.o ABSOLUTE
    _printf_return_value                     0x00000000   Number         0  stubs.o ABSOLUTE
    _printf_s                                0x00000000   Number         0  stubs.o ABSOLUTE
    _printf_sizespec                         0x00000000   Number         0  stubs.o ABSOLUTE
    _printf_str                              0x00000000   Number         0  stubs.o ABSOLUTE
    _printf_truncate_signed                  0x00000000   Number         0  stubs.o ABSOLUTE
    _printf_truncate_unsigned                0x00000000   Number         0  stubs.o ABSOLUTE
    _printf_u                                0x00000000   Number         0  stubs.o ABSOLUTE
    _printf_wc                               0x00000000   Number         0  stubs.o ABSOLUTE
    _printf_wctomb                           0x00000000   Number         0  stubs.o ABSOLUTE
    _printf_widthprec                        0x00000000   Number         0  stubs.o ABSOLUTE
    _printf_x                                0x00000000   Number         0  stubs.o ABSOLUTE
    __cpp_initialize__aeabi_                  - Undefined Weak Reference
    __cxa_finalize                            - Undefined Weak Reference
    _clock_init                               - Undefined Weak Reference
    _microlib_exit                            - Undefined Weak Reference
    __Vectors_Size                           0x00000188   Number         0  startup_stm32f40_41xxx.o ABSOLUTE
    __Vectors                                0x08000000   Data           4  startup_stm32f40_41xxx.o(RESET)
    __Vectors_End                            0x08000188   Data           0  startup_stm32f40_41xxx.o(RESET)
    __main                                   0x08000189   Thumb Code     0  entry.o(.ARM.Collect$$$$00000000)
    _main_stk                                0x08000189   Thumb Code     0  entry2.o(.ARM.Collect$$$$00000001)
    _main_scatterload                        0x0800018d   Thumb Code     0  entry5.o(.ARM.Collect$$$$00000004)
    __main_after_scatterload                 0x08000191   Thumb Code     0  entry5.o(.ARM.Collect$$$$00000004)
    _main_clock                              0x08000191   Thumb Code     0  entry7b.o(.ARM.Collect$$$$00000008)
    _main_cpp_init                           0x08000191   Thumb Code     0  entry8b.o(.ARM.Collect$$$$0000000A)
    _main_init                               0x08000191   Thumb Code     0  entry9a.o(.ARM.Collect$$$$0000000B)
    __rt_final_cpp                           0x08000199   Thumb Code     0  entry10a.o(.ARM.Collect$$$$0000000D)
    __rt_final_exit                          0x08000199   Thumb Code     0  entry11a.o(.ARM.Collect$$$$0000000F)
    SVC_Handler                              0x0800019d   Thumb Code    28  port.o(.emb_text)
    __asm___6_port_c_39a90d8d__prvStartFirstTask 0x080001bd   Thumb Code    28  port.o(.emb_text)
    __asm___6_port_c_39a90d8d__prvEnableVFP  0x080001dd   Thumb Code    16  port.o(.emb_text)
    PendSV_Handler                           0x080001f1   Thumb Code    88  port.o(.emb_text)
    vPortGetIPSR                             0x0800024d   Thumb Code     6  port.o(.emb_text)
    Reset_Handler                            0x08000255   Thumb Code     8  startup_stm32f40_41xxx.o(.text)
    NMI_Handler                              0x0800025d   Thumb Code     2  startup_stm32f40_41xxx.o(.text)
    HardFault_Handler                        0x0800025f   Thumb Code     2  startup_stm32f40_41xxx.o(.text)
    MemManage_Handler                        0x08000261   Thumb Code     2  startup_stm32f40_41xxx.o(.text)
    BusFault_Handler                         0x08000263   Thumb Code     2  startup_stm32f40_41xxx.o(.text)
    UsageFault_Handler                       0x08000265   Thumb Code     2  startup_stm32f40_41xxx.o(.text)
    DebugMon_Handler                         0x08000269   Thumb Code     2  startup_stm32f40_41xxx.o(.text)
    ADC_IRQHandler                           0x0800026f   Thumb Code     0  startup_stm32f40_41xxx.o(.text)
    CAN1_RX0_IRQHandler                      0x0800026f   Thumb Code     0  startup_stm32f40_41xxx.o(.text)
    CAN1_RX1_IRQHandler                      0x0800026f   Thumb Code     0  startup_stm32f40_41xxx.o(.text)
    CAN1_SCE_IRQHandler                      0x0800026f   Thumb Code     0  startup_stm32f40_41xxx.o(.text)
    CAN1_TX_IRQHandler                       0x0800026f   Thumb Code     0  startup_stm32f40_41xxx.o(.text)
    CAN2_RX0_IRQHandler                      0x0800026f   Thumb Code     0  startup_stm32f40_41xxx.o(.text)
    CAN2_RX1_IRQHandler                      0x0800026f   Thumb Code     0  startup_stm32f40_41xxx.o(.text)
    CAN2_SCE_IRQHandler                      0x0800026f   Thumb Code     0  startup_stm32f40_41xxx.o(.text)
    CAN2_TX_IRQHandler                       0x0800026f   Thumb Code     0  startup_stm32f40_41xxx.o(.text)
    CRYP_IRQHandler                          0x0800026f   Thumb Code     0  startup_stm32f40_41xxx.o(.text)
    DCMI_IRQHandler                          0x0800026f   Thumb Code     0  startup_stm32f40_41xxx.o(.text)
    DMA1_Stream0_IRQHandler                  0x0800026f   Thumb Code     0  startup_stm32f40_41xxx.o(.text)
    DMA1_Stream1_IRQHandler                  0x0800026f   Thumb Code     0  startup_stm32f40_41xxx.o(.text)
    DMA1_Stream2_IRQHandler                  0x0800026f   Thumb Code     0  startup_stm32f40_41xxx.o(.text)
    DMA1_Stream3_IRQHandler                  0x0800026f   Thumb Code     0  startup_stm32f40_41xxx.o(.text)
    DMA1_Stream4_IRQHandler                  0x0800026f   Thumb Code     0  startup_stm32f40_41xxx.o(.text)
    DMA1_Stream5_IRQHandler                  0x0800026f   Thumb Code     0  startup_stm32f40_41xxx.o(.text)
    DMA1_Stream6_IRQHandler                  0x0800026f   Thumb Code     0  startup_stm32f40_41xxx.o(.text)
    DMA1_Stream7_IRQHandler                  0x0800026f   Thumb Code     0  startup_stm32f40_41xxx.o(.text)
    DMA2_Stream0_IRQHandler                  0x0800026f   Thumb Code     0  startup_stm32f40_41xxx.o(.text)
    DMA2_Stream1_IRQHandler                  0x0800026f   Thumb Code     0  startup_stm32f40_41xxx.o(.text)
    DMA2_Stream2_IRQHandler                  0x0800026f   Thumb Code     0  startup_stm32f40_41xxx.o(.text)
    DMA2_Stream3_IRQHandler                  0x0800026f   Thumb Code     0  startup_stm32f40_41xxx.o(.text)
    DMA2_Stream4_IRQHandler                  0x0800026f   Thumb Code     0  startup_stm32f40_41xxx.o(.text)
    DMA2_Stream5_IRQHandler                  0x0800026f   Thumb Code     0  startup_stm32f40_41xxx.o(.text)
    DMA2_Stream6_IRQHandler                  0x0800026f   Thumb Code     0  startup_stm32f40_41xxx.o(.text)
    DMA2_Stream7_IRQHandler                  0x0800026f   Thumb Code     0  startup_stm32f40_41xxx.o(.text)
    ETH_IRQHandler                           0x0800026f   Thumb Code     0  startup_stm32f40_41xxx.o(.text)
    ETH_WKUP_IRQHandler                      0x0800026f   Thumb Code     0  startup_stm32f40_41xxx.o(.text)
    EXTI15_10_IRQHandler                     0x0800026f   Thumb Code     0  startup_stm32f40_41xxx.o(.text)
    EXTI1_IRQHandler                         0x0800026f   Thumb Code     0  startup_stm32f40_41xxx.o(.text)
    EXTI9_5_IRQHandler                       0x0800026f   Thumb Code     0  startup_stm32f40_41xxx.o(.text)
    FLASH_IRQHandler                         0x0800026f   Thumb Code     0  startup_stm32f40_41xxx.o(.text)
    FPU_IRQHandler                           0x0800026f   Thumb Code     0  startup_stm32f40_41xxx.o(.text)
    FSMC_IRQHandler                          0x0800026f   Thumb Code     0  startup_stm32f40_41xxx.o(.text)
    HASH_RNG_IRQHandler                      0x0800026f   Thumb Code     0  startup_stm32f40_41xxx.o(.text)
    I2C1_ER_IRQHandler                       0x0800026f   Thumb Code     0  startup_stm32f40_41xxx.o(.text)
    I2C1_EV_IRQHandler                       0x0800026f   Thumb Code     0  startup_stm32f40_41xxx.o(.text)
    I2C2_ER_IRQHandler                       0x0800026f   Thumb Code     0  startup_stm32f40_41xxx.o(.text)
    I2C2_EV_IRQHandler                       0x0800026f   Thumb Code     0  startup_stm32f40_41xxx.o(.text)
    I2C3_ER_IRQHandler                       0x0800026f   Thumb Code     0  startup_stm32f40_41xxx.o(.text)
    I2C3_EV_IRQHandler                       0x0800026f   Thumb Code     0  startup_stm32f40_41xxx.o(.text)
    OTG_FS_IRQHandler                        0x0800026f   Thumb Code     0  startup_stm32f40_41xxx.o(.text)
    OTG_FS_WKUP_IRQHandler                   0x0800026f   Thumb Code     0  startup_stm32f40_41xxx.o(.text)
    OTG_HS_EP1_IN_IRQHandler                 0x0800026f   Thumb Code     0  startup_stm32f40_41xxx.o(.text)
    OTG_HS_EP1_OUT_IRQHandler                0x0800026f   Thumb Code     0  startup_stm32f40_41xxx.o(.text)
    OTG_HS_IRQHandler                        0x0800026f   Thumb Code     0  startup_stm32f40_41xxx.o(.text)
    OTG_HS_WKUP_IRQHandler                   0x0800026f   Thumb Code     0  startup_stm32f40_41xxx.o(.text)
    PVD_IRQHandler                           0x0800026f   Thumb Code     0  startup_stm32f40_41xxx.o(.text)
    RCC_IRQHandler                           0x0800026f   Thumb Code     0  startup_stm32f40_41xxx.o(.text)
    RTC_Alarm_IRQHandler                     0x0800026f   Thumb Code     0  startup_stm32f40_41xxx.o(.text)
    RTC_WKUP_IRQHandler                      0x0800026f   Thumb Code     0  startup_stm32f40_41xxx.o(.text)
    SDIO_IRQHandler                          0x0800026f   Thumb Code     0  startup_stm32f40_41xxx.o(.text)
    SPI1_IRQHandler                          0x0800026f   Thumb Code     0  startup_stm32f40_41xxx.o(.text)
    SPI2_IRQHandler                          0x0800026f   Thumb Code     0  startup_stm32f40_41xxx.o(.text)
    SPI3_IRQHandler                          0x0800026f   Thumb Code     0  startup_stm32f40_41xxx.o(.text)
    TAMP_STAMP_IRQHandler                    0x0800026f   Thumb Code     0  startup_stm32f40_41xxx.o(.text)
    TIM1_CC_IRQHandler                       0x0800026f   Thumb Code     0  startup_stm32f40_41xxx.o(.text)
    TIM1_TRG_COM_TIM11_IRQHandler            0x0800026f   Thumb Code     0  startup_stm32f40_41xxx.o(.text)
    TIM1_UP_TIM10_IRQHandler                 0x0800026f   Thumb Code     0  startup_stm32f40_41xxx.o(.text)
    TIM4_IRQHandler                          0x0800026f   Thumb Code     0  startup_stm32f40_41xxx.o(.text)
    TIM5_IRQHandler                          0x0800026f   Thumb Code     0  startup_stm32f40_41xxx.o(.text)
    TIM6_DAC_IRQHandler                      0x0800026f   Thumb Code     0  startup_stm32f40_41xxx.o(.text)
    TIM7_IRQHandler                          0x0800026f   Thumb Code     0  startup_stm32f40_41xxx.o(.text)
    TIM8_BRK_TIM12_IRQHandler                0x0800026f   Thumb Code     0  startup_stm32f40_41xxx.o(.text)
    TIM8_CC_IRQHandler                       0x0800026f   Thumb Code     0  startup_stm32f40_41xxx.o(.text)
    TIM8_TRG_COM_TIM14_IRQHandler            0x0800026f   Thumb Code     0  startup_stm32f40_41xxx.o(.text)
    TIM8_UP_TIM13_IRQHandler                 0x0800026f   Thumb Code     0  startup_stm32f40_41xxx.o(.text)
    UART4_IRQHandler                         0x0800026f   Thumb Code     0  startup_stm32f40_41xxx.o(.text)
    UART5_IRQHandler                         0x0800026f   Thumb Code     0  startup_stm32f40_41xxx.o(.text)
    USART2_IRQHandler                        0x0800026f   Thumb Code     0  startup_stm32f40_41xxx.o(.text)
    USART6_IRQHandler                        0x0800026f   Thumb Code     0  startup_stm32f40_41xxx.o(.text)
    WWDG_IRQHandler                          0x0800026f   Thumb Code     0  startup_stm32f40_41xxx.o(.text)
    __aeabi_memcpy                           0x08000279   Thumb Code    36  memcpya.o(.text)
    __aeabi_memcpy4                          0x08000279   Thumb Code     0  memcpya.o(.text)
    __aeabi_memcpy8                          0x08000279   Thumb Code     0  memcpya.o(.text)
    __aeabi_memset                           0x0800029d   Thumb Code    14  memseta.o(.text)
    __aeabi_memset4                          0x0800029d   Thumb Code     0  memseta.o(.text)
    __aeabi_memset8                          0x0800029d   Thumb Code     0  memseta.o(.text)
    __aeabi_memclr                           0x080002ab   Thumb Code     4  memseta.o(.text)
    __aeabi_memclr4                          0x080002ab   Thumb Code     0  memseta.o(.text)
    __aeabi_memclr8                          0x080002ab   Thumb Code     0  memseta.o(.text)
    _memset$wrapper                          0x080002af   Thumb Code    18  memseta.o(.text)
    strstr                                   0x080002c1   Thumb Code    36  strstr.o(.text)
    strlen                                   0x080002e5   Thumb Code    14  strlen.o(.text)
    strcpy                                   0x080002f3   Thumb Code    18  strcpy.o(.text)
    __aeabi_uldivmod                         0x08000305   Thumb Code    98  uldiv.o(.text)
    __scatterload                            0x08000369   Thumb Code    28  init.o(.text)
    __scatterload_rt2                        0x08000369   Thumb Code     0  init.o(.text)
    __aeabi_llsl                             0x0800038d   Thumb Code    30  llshl.o(.text)
    _ll_shift_l                              0x0800038d   Thumb Code     0  llshl.o(.text)
    __aeabi_llsr                             0x080003ab   Thumb Code    32  llushr.o(.text)
    _ll_ushift_r                             0x080003ab   Thumb Code     0  llushr.o(.text)
    __decompress                             0x080003cb   Thumb Code     0  __dczerorl2.o(.text)
    __decompress1                            0x080003cb   Thumb Code    86  __dczerorl2.o(.text)
    EXTI0_IRQHandler                         0x08000421   Thumb Code    50  key.o(i.EXTI0_IRQHandler)
    EXTI2_IRQHandler                         0x08000455   Thumb Code    42  key.o(i.EXTI2_IRQHandler)
    EXTI3_IRQHandler                         0x0800048d   Thumb Code    30  key.o(i.EXTI3_IRQHandler)
    EXTI4_IRQHandler                         0x080004b1   Thumb Code    30  key.o(i.EXTI4_IRQHandler)
    EXTI_ClearITPendingBit                   0x080004d5   Thumb Code     6  stm32f4xx_exti.o(i.EXTI_ClearITPendingBit)
    EXTI_GetITStatus                         0x080004e1   Thumb Code    20  stm32f4xx_exti.o(i.EXTI_GetITStatus)
    FLASH_ClearFlag                          0x080004f9   Thumb Code     6  stm32f4xx_flash.o(i.FLASH_ClearFlag)
    FLASH_EraseSector                        0x08000505   Thumb Code   130  stm32f4xx_flash.o(i.FLASH_EraseSector)
    FLASH_GetStatus                          0x0800058d   Thumb Code    80  stm32f4xx_flash.o(i.FLASH_GetStatus)
    FLASH_Lock                               0x080005e1   Thumb Code    14  stm32f4xx_flash.o(i.FLASH_Lock)
    FLASH_ProgramWord                        0x080005f5   Thumb Code    74  stm32f4xx_flash.o(i.FLASH_ProgramWord)
    FLASH_Unlock                             0x08000645   Thumb Code    24  stm32f4xx_flash.o(i.FLASH_Unlock)
    FLASH_WaitForLastOperation               0x08000669   Thumb Code    34  stm32f4xx_flash.o(i.FLASH_WaitForLastOperation)
    GPIO_Init                                0x0800068b   Thumb Code   144  stm32f4xx_gpio.o(i.GPIO_Init)
    GPIO_PinAFConfig                         0x0800071b   Thumb Code    70  stm32f4xx_gpio.o(i.GPIO_PinAFConfig)
    GPIO_ReadInputDataBit                    0x08000761   Thumb Code    18  stm32f4xx_gpio.o(i.GPIO_ReadInputDataBit)
    GPIO_ResetBits                           0x08000773   Thumb Code     4  stm32f4xx_gpio.o(i.GPIO_ResetBits)
    GPIO_SetBits                             0x08000777   Thumb Code     4  stm32f4xx_gpio.o(i.GPIO_SetBits)
    NVIC_Init                                0x080008ad   Thumb Code   106  misc.o(i.NVIC_Init)
    NVIC_PriorityGroupConfig                 0x08000925   Thumb Code    10  misc.o(i.NVIC_PriorityGroupConfig)
    RCC_AHB1PeriphClockCmd                   0x08000be9   Thumb Code    26  stm32f4xx_rcc.o(i.RCC_AHB1PeriphClockCmd)
    RCC_APB1PeriphClockCmd                   0x08000c09   Thumb Code    26  stm32f4xx_rcc.o(i.RCC_APB1PeriphClockCmd)
    RCC_APB2PeriphClockCmd                   0x08000c29   Thumb Code    26  stm32f4xx_rcc.o(i.RCC_APB2PeriphClockCmd)
    RCC_GetClocksFreq                        0x08000c49   Thumb Code   214  stm32f4xx_rcc.o(i.RCC_GetClocksFreq)
    SysTick_Handler                          0x08000ea9   Thumb Code    46  port.o(i.SysTick_Handler)
    SystemInit                               0x08000edd   Thumb Code    88  system_stm32f4xx.o(i.SystemInit)
    TIM1_BRK_TIM9_IRQHandler                 0x08000f45   Thumb Code    36  timer.o(i.TIM1_BRK_TIM9_IRQHandler)
    TIM2_IRQHandler                          0x08000f75   Thumb Code    36  timer.o(i.TIM2_IRQHandler)
    TIM3_IRQHandler                          0x08000fa1   Thumb Code    50  timer.o(i.TIM3_IRQHandler)
    TIM_ClearITPendingBit                    0x08000fe5   Thumb Code     6  stm32f4xx_tim.o(i.TIM_ClearITPendingBit)
    TIM_Cmd                                  0x08000feb   Thumb Code    24  stm32f4xx_tim.o(i.TIM_Cmd)
    TIM_GetITStatus                          0x08001003   Thumb Code    34  stm32f4xx_tim.o(i.TIM_GetITStatus)
    TIM_SetCompare1                          0x08001025   Thumb Code     4  stm32f4xx_tim.o(i.TIM_SetCompare1)
    USART1_IRQHandler                        0x08001029   Thumb Code   110  uart.o(i.USART1_IRQHandler)
    USART3_IRQHandler                        0x080010a9   Thumb Code   118  uart.o(i.USART3_IRQHandler)
    USART_ClearITPendingBit                  0x08001131   Thumb Code    30  stm32f4xx_usart.o(i.USART_ClearITPendingBit)
    USART_Cmd                                0x0800114f   Thumb Code    24  stm32f4xx_usart.o(i.USART_Cmd)
    USART_GetFlagStatus                      0x08001167   Thumb Code    26  stm32f4xx_usart.o(i.USART_GetFlagStatus)
    USART_GetITStatus                        0x08001181   Thumb Code    84  stm32f4xx_usart.o(i.USART_GetITStatus)
    USART_ITConfig                           0x080011d5   Thumb Code    74  stm32f4xx_usart.o(i.USART_ITConfig)
    USART_Init                               0x08001221   Thumb Code   204  stm32f4xx_usart.o(i.USART_Init)
    USART_ReceiveData                        0x080012f5   Thumb Code    10  stm32f4xx_usart.o(i.USART_ReceiveData)
    USART_SendData                           0x080012ff   Thumb Code     8  stm32f4xx_usart.o(i.USART_SendData)
    __0printf$8                              0x08001309   Thumb Code    22  printf8.o(i.__0printf$8)
    __1printf$8                              0x08001309   Thumb Code     0  printf8.o(i.__0printf$8)
    __2printf                                0x08001309   Thumb Code     0  printf8.o(i.__0printf$8)
    __0snprintf$8                            0x08001329   Thumb Code    36  printf8.o(i.__0snprintf$8)
    __1snprintf$8                            0x08001329   Thumb Code     0  printf8.o(i.__0snprintf$8)
    __2snprintf                              0x08001329   Thumb Code     0  printf8.o(i.__0snprintf$8)
    __0sprintf$8                             0x08001351   Thumb Code    34  printf8.o(i.__0sprintf$8)
    __1sprintf$8                             0x08001351   Thumb Code     0  printf8.o(i.__0sprintf$8)
    __2sprintf                               0x08001351   Thumb Code     0  printf8.o(i.__0sprintf$8)
    __scatterload_copy                       0x08001379   Thumb Code    14  handlers.o(i.__scatterload_copy)
    __scatterload_null                       0x08001387   Thumb Code     2  handlers.o(i.__scatterload_null)
    __scatterload_zeroinit                   0x08001389   Thumb Code    14  handlers.o(i.__scatterload_zeroinit)
    app_task_init                            0x0800181d   Thumb Code   408  main.o(i.app_task_init)
    as608_clear_all                          0x08001add   Thumb Code   104  as608.o(i.as608_clear_all)
    as608_delete_finger                      0x08001bc9   Thumb Code   146  as608.o(i.as608_delete_finger)
    as608_enroll_finger                      0x08001cd5   Thumb Code   620  as608.o(i.as608_enroll_finger)
    as608_handshake                          0x080022a5   Thumb Code   112  as608.o(i.as608_handshake)
    as608_init                               0x08002375   Thumb Code    10  as608.o(i.as608_init)
    as608_search_finger                      0x080023fd   Thumb Code   248  as608.o(i.as608_search_finger)
    delay_init                               0x0800258d   Thumb Code    38  delay.o(i.delay_init)
    delay_ms                                 0x080025b5   Thumb Code    92  delay.o(i.delay_ms)
    delay_us                                 0x08002615   Thumb Code    90  delay.o(i.delay_us)
    flash_add_card                           0x08002679   Thumb Code    52  flash.o(i.flash_add_card)
    flash_add_password                       0x080026b1   Thumb Code    76  flash.o(i.flash_add_password)
    flash_delete_card                        0x08002701   Thumb Code    92  flash.o(i.flash_delete_card)
    flash_delete_password                    0x08002761   Thumb Code   108  flash.o(i.flash_delete_password)
    flash_get_card                           0x080027d1   Thumb Code    40  flash.o(i.flash_get_card)
    flash_get_card_count                     0x080027fd   Thumb Code    22  flash.o(i.flash_get_card_count)
    flash_get_password                       0x08002819   Thumb Code    42  flash.o(i.flash_get_password)
    flash_get_password_count                 0x08002849   Thumb Code    22  flash.o(i.flash_get_password_count)
    flash_init                               0x08002865   Thumb Code   304  flash.o(i.flash_init)
    flash_save_card_uid                      0x080029e5   Thumb Code    34  flash.o(i.flash_save_card_uid)
    fputc                                    0x08002a11   Thumb Code    32  uart.o(i.fputc)
    key_feedback                             0x08002a35   Thumb Code    24  main.o(i.key_feedback)
    keyboard_mode_disable                    0x08002a55   Thumb Code    34  main.o(i.keyboard_mode_disable)
    keyboard_mode_enable                     0x08002aa5   Thumb Code    30  main.o(i.keyboard_mode_enable)
    keypad_init                              0x08002aed   Thumb Code   160  keypad.o(i.keypad_init)
    keypad_scan                              0x08002ba1   Thumb Code    86  keypad.o(i.keypad_scan)
    led_init                                 0x08002bfd   Thumb Code   150  led.o(i.led_init)
    main                                     0x08002ca1   Thumb Code   244  main.o(i.main)
    manage_mode_disable                      0x08002ea5   Thumb Code    62  main.o(i.manage_mode_disable)
    manage_mode_enable                       0x08002f19   Thumb Code    58  main.o(i.manage_mode_enable)
    oled_clear                               0x08002f81   Thumb Code    56  oled.o(i.oled_clear)
    oled_init                                0x08002fb9   Thumb Code   250  oled.o(i.oled_init)
    oled_show_string                         0x080030d1   Thumb Code   152  oled.o(i.oled_show_string)
    parse_bl_cmd                             0x0800316d   Thumb Code   200  uart.o(i.parse_bl_cmd)
    parse_cmd                                0x08003285   Thumb Code   626  uart.o(i.parse_cmd)
    pvPortMalloc                             0x080041ad   Thumb Code   296  heap_4.o(i.pvPortMalloc)
    pvTaskIncrementMutexHeldCount            0x080042e9   Thumb Code    26  tasks.o(i.pvTaskIncrementMutexHeldCount)
    pxPortInitialiseStack                    0x08004309   Thumb Code    38  port.o(i.pxPortInitialiseStack)
    rc522_init                               0x08004355   Thumb Code   212  rc522.o(i.rc522_init)
    rc522_read_card                          0x08004435   Thumb Code    68  rc522.o(i.rc522_read_card)
    uart1_init                               0x08004545   Thumb Code   208  uart.o(i.uart1_init)
    uart2_init                               0x08004621   Thumb Code   126  uart.o(i.uart2_init)
    uart2_putc                               0x080046a9   Thumb Code    28  uart.o(i.uart2_putc)
    uart2_puts                               0x080046c9   Thumb Code    22  uart.o(i.uart2_puts)
    uart3_init                               0x080046e1   Thumb Code   170  uart.o(i.uart3_init)
    uart3_putc                               0x08004795   Thumb Code    28  uart.o(i.uart3_putc)
    uart3_puts                               0x080047b5   Thumb Code    22  uart.o(i.uart3_puts)
    uxListRemove                             0x080047cb   Thumb Code    40  list.o(i.uxListRemove)
    vFingerTask                              0x080047f5   Thumb Code   120  main.o(i.vFingerTask)
    vKeyMenuTask                             0x080048a1   Thumb Code  1822  main.o(i.vKeyMenuTask)
    vKeyTask                                 0x08004fed   Thumb Code   176  main.o(i.vKeyTask)
    vListInitialise                          0x08005195   Thumb Code    26  list.o(i.vListInitialise)
    vListInitialiseItem                      0x080051af   Thumb Code     6  list.o(i.vListInitialiseItem)
    vListInsert                              0x080051b5   Thumb Code    52  list.o(i.vListInsert)
    vListInsertEnd                           0x080051e9   Thumb Code    24  list.o(i.vListInsertEnd)
    vManageTask                              0x08005201   Thumb Code  2124  main.o(i.vManageTask)
    vOledTask                                0x08005ad5   Thumb Code   222  main.o(i.vOledTask)
    vPortEnterCritical                       0x08005c25   Thumb Code    76  port.o(i.vPortEnterCritical)
    vPortExitCritical                        0x08005c79   Thumb Code    56  port.o(i.vPortExitCritical)
    vPortFree                                0x08005cb5   Thumb Code   140  heap_4.o(i.vPortFree)
    vPortSetupTimerInterrupt                 0x08005d49   Thumb Code    26  port.o(i.vPortSetupTimerInterrupt)
    vPortValidateInterruptPriority           0x08005d69   Thumb Code   106  port.o(i.vPortValidateInterruptPriority)
    vPwdTask                                 0x08005de1   Thumb Code   426  main.o(i.vPwdTask)
    vQueueAddToRegistry                      0x080061a5   Thumb Code    38  queue.o(i.vQueueAddToRegistry)
    vQueueWaitForMessageRestricted           0x080061d1   Thumb Code    74  queue.o(i.vQueueWaitForMessageRestricted)
    vRfidTask                                0x0800621d   Thumb Code   226  main.o(i.vRfidTask)
    vTaskDelay                               0x080063a5   Thumb Code    82  tasks.o(i.vTaskDelay)
    vTaskDelete                              0x08006401   Thumb Code   202  tasks.o(i.vTaskDelete)
    vTaskMissedYield                         0x080064f5   Thumb Code     8  tasks.o(i.vTaskMissedYield)
    vTaskPlaceOnEventList                    0x08006501   Thumb Code    52  tasks.o(i.vTaskPlaceOnEventList)
    vTaskPlaceOnEventListRestricted          0x08006539   Thumb Code    60  tasks.o(i.vTaskPlaceOnEventListRestricted)
    vTaskPriorityInherit                     0x08006579   Thumb Code   164  tasks.o(i.vTaskPriorityInherit)
    vTaskResume                              0x08006629   Thumb Code   128  tasks.o(i.vTaskResume)
    vTaskSetTimeOutState                     0x080066b9   Thumb Code    38  tasks.o(i.vTaskSetTimeOutState)
    vTaskStartScheduler                      0x080066e9   Thumb Code   118  tasks.o(i.vTaskStartScheduler)
    vTaskSuspend                             0x0800677d   Thumb Code   196  tasks.o(i.vTaskSuspend)
    vTaskSuspendAll                          0x08006861   Thumb Code    12  tasks.o(i.vTaskSuspendAll)
    vTaskSwitchContext                       0x08006871   Thumb Code   118  tasks.o(i.vTaskSwitchContext)
    vUartCmdTask                             0x080068fd   Thumb Code    18  main.o(i.vUartCmdTask)
    vUnlockExecTask                          0x08006911   Thumb Code   510  main.o(i.vUnlockExecTask)
    wifi_auto_connect                        0x08006bc9   Thumb Code  1602  uart.o(i.wifi_auto_connect)
    xPortStartScheduler                      0x080075a9   Thumb Code   288  port.o(i.xPortStartScheduler)
    xQueueCreateMutex                        0x080076e5   Thumb Code    34  queue.o(i.xQueueCreateMutex)
    xQueueGenericCreate                      0x08007707   Thumb Code    88  queue.o(i.xQueueGenericCreate)
    xQueueGenericReceive                     0x08007761   Thumb Code   446  queue.o(i.xQueueGenericReceive)
    xQueueGenericReset                       0x08007925   Thumb Code   146  queue.o(i.xQueueGenericReset)
    xQueueGenericSend                        0x080079bd   Thumb Code   420  queue.o(i.xQueueGenericSend)
    xQueueGenericSendFromISR                 0x08007b65   Thumb Code   248  queue.o(i.xQueueGenericSendFromISR)
    xTaskCheckForTimeOut                     0x08007c5d   Thumb Code   132  tasks.o(i.xTaskCheckForTimeOut)
    xTaskCreate                              0x08007ce9   Thumb Code    96  tasks.o(i.xTaskCreate)
    xTaskGetSchedulerState                   0x08007d49   Thumb Code    24  tasks.o(i.xTaskGetSchedulerState)
    xTaskGetTickCount                        0x08007d69   Thumb Code     6  tasks.o(i.xTaskGetTickCount)
    xTaskIncrementTick                       0x08007d75   Thumb Code   282  tasks.o(i.xTaskIncrementTick)
    xTaskPriorityDisinherit                  0x08007ebd   Thumb Code   188  tasks.o(i.xTaskPriorityDisinherit)
    xTaskRemoveFromEventList                 0x08007f85   Thumb Code   128  tasks.o(i.xTaskRemoveFromEventList)
    xTaskResumeAll                           0x0800801d   Thumb Code   224  tasks.o(i.xTaskResumeAll)
    xTimerCreateTimerTask                    0x08008121   Thumb Code    66  timers.o(i.xTimerCreateTimerTask)
    xTimerGenericCommand                     0x08008179   Thumb Code   126  timers.o(i.xTimerGenericCommand)
    F8X16                                    0x080081fc   Data        1520  oled.o(.constdata)
    Region$$Table$$Base                      0x08008928   Number         0  anon$$obj.o(Region$$Table)
    Region$$Table$$Limit                     0x08008948   Number         0  anon$$obj.o(Region$$Table)
    app_task_init_handle                     0x20000000   Data           4  main.o(.data)
    finger_task_handle                       0x20000004   Data           4  main.o(.data)
    pwd_task_handle                          0x20000008   Data           4  main.o(.data)
    key_task_handle                          0x2000000c   Data           4  main.o(.data)
    keyMenu_task_handle                      0x20000010   Data           4  main.o(.data)
    oled_task_handle                         0x20000014   Data           4  main.o(.data)
    rfid_task_handle                         0x20000018   Data           4  main.o(.data)
    uart_cmd_task_handle                     0x2000001c   Data           4  main.o(.data)
    unlockExec_task_handle                   0x20000020   Data           4  main.o(.data)
    manage_task_handle                       0x20000024   Data           4  main.o(.data)
    msgQueue                                 0x20000028   Data           4  main.o(.data)
    keyQueue                                 0x2000002c   Data           4  main.o(.data)
    keyMenuQueue                             0x20000030   Data           4  main.o(.data)
    unlockReqQueue                           0x20000034   Data           4  main.o(.data)
    unlockResultQueue                        0x20000038   Data           4  main.o(.data)
    manageQueue                              0x2000003c   Data           4  main.o(.data)
    oledMutex                                0x20000040   Data           4  main.o(.data)
    as608Mutex                               0x20000044   Data           4  main.o(.data)
    rc522Mutex                               0x20000048   Data           4  main.o(.data)
    keyboard_mode_active                     0x2000004c   Data           1  main.o(.data)
    current_mode                             0x2000004d   Data           1  main.o(.data)
    unlock_executing                         0x2000004e   Data           1  main.o(.data)
    manage_mode_active                       0x2000004f   Data           1  main.o(.data)
    manage_submenu_active                    0x20000050   Data           1  main.o(.data)
    unlock_mode_active                       0x20000051   Data           1  main.o(.data)
    selected_unlock_mode                     0x20000052   Data           1  main.o(.data)
    mode_names                               0x20000054   Data          12  main.o(.data)
    mode_full_names                          0x20000060   Data          12  main.o(.data)
    menu_main_items                          0x2000006c   Data           8  main.o(.data)
    menu_manage_items                        0x20000074   Data          12  main.o(.data)
    last_card_uid                            0x20000080   Data           4  main.o(.data)
    rc522_ver                                0x20000085   Data           1  rc522.o(.data)
    fingerprint_enrolling                    0x20000086   Data           1  as608.o(.data)
    saved_card_uid                           0x20000088   Data           4  flash.o(.data)
    uart_len                                 0x2000008c   Data           1  uart.o(.data)
    uart_flag                                0x2000008d   Data           1  uart.o(.data)
    bl_len                                   0x2000008e   Data           1  uart.o(.data)
    bl_flag                                  0x2000008f   Data           1  uart.o(.data)
    wifi_ssid                                0x20000090   Data          32  uart.o(.data)
    wifi_pass                                0x200000b0   Data          32  uart.o(.data)
    tmp_buf                                  0x200000d0   Data           6  uart.o(.data)
    tmp_cnt                                  0x200000d6   Data           1  uart.o(.data)
    __stdout                                 0x200000d8   Data           4  uart.o(.data)
    __stdin                                  0x200000dc   Data           4  uart.o(.data)
    pxCurrentTCB                             0x20000104   Data           4  tasks.o(.data)
    SystemCoreClock                          0x20000164   Data           4  system_stm32f4xx.o(.data)
    AHBPrescTable                            0x20000168   Data          16  system_stm32f4xx.o(.data)
    uart_buf                                 0x200001c4   Data          64  uart.o(.bss)
    bl_buf                                   0x20000204   Data          64  uart.o(.bss)
    xQueueRegistry                           0x20012e44   Data          64  queue.o(.bss)
    __initial_sp                             0x20013440   Data           0  startup_stm32f40_41xxx.o(STACK)



==============================================================================

Memory Map of the image

  Image Entry point : 0x08000189

  Load Region LR_IROM1 (Base: 0x08000000, Size: 0x00008ac0, Max: 0x00080000, ABSOLUTE, COMPRESSED[0x00008994])

    Execution Region ER_IROM1 (Base: 0x08000000, Size: 0x00008948, Max: 0x00080000, ABSOLUTE)

    Base Addr    Size         Type   Attr      Idx    E Section Name        Object

    0x08000000   0x00000188   Data   RO         3909    RESET               startup_stm32f40_41xxx.o
    0x08000188   0x00000000   Code   RO         3955  * .ARM.Collect$$$$00000000  mc_w.l(entry.o)
    0x08000188   0x00000004   Code   RO         4233    .ARM.Collect$$$$00000001  mc_w.l(entry2.o)
    0x0800018c   0x00000004   Code   RO         4236    .ARM.Collect$$$$00000004  mc_w.l(entry5.o)
    0x08000190   0x00000000   Code   RO         4238    .ARM.Collect$$$$00000008  mc_w.l(entry7b.o)
    0x08000190   0x00000000   Code   RO         4240    .ARM.Collect$$$$0000000A  mc_w.l(entry8b.o)
    0x08000190   0x00000008   Code   RO         4241    .ARM.Collect$$$$0000000B  mc_w.l(entry9a.o)
    0x08000198   0x00000000   Code   RO         4243    .ARM.Collect$$$$0000000D  mc_w.l(entry10a.o)
    0x08000198   0x00000000   Code   RO         4245    .ARM.Collect$$$$0000000F  mc_w.l(entry11a.o)
    0x08000198   0x00000004   Code   RO         4234    .ARM.Collect$$$$00002712  mc_w.l(entry2.o)
    0x0800019c   0x000000b6   Code   RO         1552    .emb_text           port.o
    0x08000252   0x00000002   PAD
    0x08000254   0x00000024   Code   RO         3910    .text               startup_stm32f40_41xxx.o
    0x08000278   0x00000024   Code   RO         3958    .text               mc_w.l(memcpya.o)
    0x0800029c   0x00000024   Code   RO         3960    .text               mc_w.l(memseta.o)
    0x080002c0   0x00000024   Code   RO         3962    .text               mc_w.l(strstr.o)
    0x080002e4   0x0000000e   Code   RO         3964    .text               mc_w.l(strlen.o)
    0x080002f2   0x00000012   Code   RO         3968    .text               mc_w.l(strcpy.o)
    0x08000304   0x00000062   Code   RO         4249    .text               mc_w.l(uldiv.o)
    0x08000366   0x00000002   PAD
    0x08000368   0x00000024   Code   RO         4262    .text               mc_w.l(init.o)
    0x0800038c   0x0000001e   Code   RO         4264    .text               mc_w.l(llshl.o)
    0x080003aa   0x00000020   Code   RO         4266    .text               mc_w.l(llushr.o)
    0x080003ca   0x00000056   Code   RO         4280    .text               mc_w.l(__dczerorl2.o)
    0x08000420   0x00000032   Code   RO          503    i.EXTI0_IRQHandler  key.o
    0x08000452   0x00000002   PAD
    0x08000454   0x00000038   Code   RO          504    i.EXTI2_IRQHandler  key.o
    0x0800048c   0x00000024   Code   RO          505    i.EXTI3_IRQHandler  key.o
    0x080004b0   0x00000024   Code   RO          506    i.EXTI4_IRQHandler  key.o
    0x080004d4   0x0000000c   Code   RO         2335    i.EXTI_ClearITPendingBit  stm32f4xx_exti.o
    0x080004e0   0x00000018   Code   RO         2339    i.EXTI_GetITStatus  stm32f4xx_exti.o
    0x080004f8   0x0000000c   Code   RO         2400    i.FLASH_ClearFlag   stm32f4xx_flash.o
    0x08000504   0x00000088   Code   RO         2406    i.FLASH_EraseSector  stm32f4xx_flash.o
    0x0800058c   0x00000054   Code   RO         2408    i.FLASH_GetStatus   stm32f4xx_flash.o
    0x080005e0   0x00000014   Code   RO         2412    i.FLASH_Lock        stm32f4xx_flash.o
    0x080005f4   0x00000050   Code   RO         2436    i.FLASH_ProgramWord  stm32f4xx_flash.o
    0x08000644   0x00000024   Code   RO         2438    i.FLASH_Unlock      stm32f4xx_flash.o
    0x08000668   0x00000022   Code   RO         2439    i.FLASH_WaitForLastOperation  stm32f4xx_flash.o
    0x0800068a   0x00000090   Code   RO         2659    i.GPIO_Init         stm32f4xx_gpio.o
    0x0800071a   0x00000046   Code   RO         2660    i.GPIO_PinAFConfig  stm32f4xx_gpio.o
    0x08000760   0x00000012   Code   RO         2663    i.GPIO_ReadInputDataBit  stm32f4xx_gpio.o
    0x08000772   0x00000004   Code   RO         2666    i.GPIO_ResetBits    stm32f4xx_gpio.o
    0x08000776   0x00000004   Code   RO         2667    i.GPIO_SetBits      stm32f4xx_gpio.o
    0x0800077a   0x00000002   PAD
    0x0800077c   0x00000044   Code   RO          734    i.I2C_Start         oled.o
    0x080007c0   0x00000044   Code   RO          735    i.I2C_Stop          oled.o
    0x08000804   0x0000004c   Code   RO          736    i.I2C_WaitAck       oled.o
    0x08000850   0x0000005c   Code   RO          737    i.I2C_WriteByte     oled.o
    0x080008ac   0x00000078   Code   RO         2286    i.NVIC_Init         misc.o
    0x08000924   0x00000014   Code   RO         2287    i.NVIC_PriorityGroupConfig  misc.o
    0x08000938   0x00000028   Code   RO          738    i.OLED_WriteCmd     oled.o
    0x08000960   0x00000028   Code   RO          739    i.OLED_WriteDat     oled.o
    0x08000988   0x0000001a   Code   RO          825    i.RC522_AntennaOn   rc522.o
    0x080009a2   0x00000044   Code   RO          826    i.RC522_Anticoll    rc522.o
    0x080009e6   0x0000001a   Code   RO          827    i.RC522_ClearBitMask  rc522.o
    0x08000a00   0x00000034   Code   RO          828    i.RC522_ReadReg     rc522.o
    0x08000a34   0x00000036   Code   RO          829    i.RC522_Request     rc522.o
    0x08000a6a   0x00000002   PAD
    0x08000a6c   0x00000028   Code   RO          830    i.RC522_Reset       rc522.o
    0x08000a94   0x0000001a   Code   RO          831    i.RC522_SetBitMask  rc522.o
    0x08000aae   0x0000010c   Code   RO          832    i.RC522_ToCard      rc522.o
    0x08000bba   0x00000002   PAD
    0x08000bbc   0x0000002c   Code   RO          833    i.RC522_WriteReg    rc522.o
    0x08000be8   0x00000020   Code   RO         2760    i.RCC_AHB1PeriphClockCmd  stm32f4xx_rcc.o
    0x08000c08   0x00000020   Code   RO         2769    i.RCC_APB1PeriphClockCmd  stm32f4xx_rcc.o
    0x08000c28   0x00000020   Code   RO         2772    i.RCC_APB2PeriphClockCmd  stm32f4xx_rcc.o
    0x08000c48   0x000000e8   Code   RO         2781    i.RCC_GetClocksFreq  stm32f4xx_rcc.o
    0x08000d30   0x00000014   Code   RO          740    i.SDA_InMode        oled.o
    0x08000d44   0x00000014   Code   RO          741    i.SDA_Out           oled.o
    0x08000d58   0x00000064   Code   RO          834    i.SPI_RW            rc522.o
    0x08000dbc   0x000000ec   Code   RO         3917    i.SetSysClock       system_stm32f4xx.o
    0x08000ea8   0x00000034   Code   RO         1553    i.SysTick_Handler   port.o
    0x08000edc   0x00000068   Code   RO         3919    i.SystemInit        system_stm32f4xx.o
    0x08000f44   0x00000030   Code   RO          644    i.TIM1_BRK_TIM9_IRQHandler  timer.o
    0x08000f74   0x0000002c   Code   RO          645    i.TIM2_IRQHandler   timer.o
    0x08000fa0   0x00000044   Code   RO          646    i.TIM3_IRQHandler   timer.o
    0x08000fe4   0x00000006   Code   RO         3163    i.TIM_ClearITPendingBit  stm32f4xx_tim.o
    0x08000fea   0x00000018   Code   RO         3168    i.TIM_Cmd           stm32f4xx_tim.o
    0x08001002   0x00000022   Code   RO         3189    i.TIM_GetITStatus   stm32f4xx_tim.o
    0x08001024   0x00000004   Code   RO         3230    i.TIM_SetCompare1   stm32f4xx_tim.o
    0x08001028   0x00000080   Code   RO         1192    i.USART1_IRQHandler  uart.o
    0x080010a8   0x00000088   Code   RO         1193    i.USART3_IRQHandler  uart.o
    0x08001130   0x0000001e   Code   RO         3719    i.USART_ClearITPendingBit  stm32f4xx_usart.o
    0x0800114e   0x00000018   Code   RO         3722    i.USART_Cmd         stm32f4xx_usart.o
    0x08001166   0x0000001a   Code   RO         3725    i.USART_GetFlagStatus  stm32f4xx_usart.o
    0x08001180   0x00000054   Code   RO         3726    i.USART_GetITStatus  stm32f4xx_usart.o
    0x080011d4   0x0000004a   Code   RO         3728    i.USART_ITConfig    stm32f4xx_usart.o
    0x0800121e   0x00000002   PAD
    0x08001220   0x000000d4   Code   RO         3729    i.USART_Init        stm32f4xx_usart.o
    0x080012f4   0x0000000a   Code   RO         3736    i.USART_ReceiveData  stm32f4xx_usart.o
    0x080012fe   0x00000008   Code   RO         3739    i.USART_SendData    stm32f4xx_usart.o
    0x08001306   0x00000002   PAD
    0x08001308   0x00000020   Code   RO         4179    i.__0printf$8       mc_w.l(printf8.o)
    0x08001328   0x00000028   Code   RO         4180    i.__0snprintf$8     mc_w.l(printf8.o)
    0x08001350   0x00000028   Code   RO         4181    i.__0sprintf$8      mc_w.l(printf8.o)
    0x08001378   0x0000000e   Code   RO         4274    i.__scatterload_copy  mc_w.l(handlers.o)
    0x08001386   0x00000002   Code   RO         4275    i.__scatterload_null  mc_w.l(handlers.o)
    0x08001388   0x0000000e   Code   RO         4276    i.__scatterload_zeroinit  mc_w.l(handlers.o)
    0x08001396   0x00000002   PAD
    0x08001398   0x00000410   Code   RO         4186    i._printf_core      mc_w.l(printf8.o)
    0x080017a8   0x00000024   Code   RO         4187    i._printf_post_padding  mc_w.l(printf8.o)
    0x080017cc   0x0000002e   Code   RO         4188    i._printf_pre_padding  mc_w.l(printf8.o)
    0x080017fa   0x00000016   Code   RO         4189    i._snputc           mc_w.l(printf8.o)
    0x08001810   0x0000000a   Code   RO         4190    i._sputc            mc_w.l(printf8.o)
    0x0800181a   0x00000002   PAD
    0x0800181c   0x000002c0   Code   RO            4    i.app_task_init     main.o
    0x08001adc   0x000000ec   Code   RO          921    i.as608_clear_all   as608.o
    0x08001bc8   0x0000010c   Code   RO          922    i.as608_delete_finger  as608.o
    0x08001cd4   0x000005d0   Code   RO          923    i.as608_enroll_finger  as608.o
    0x080022a4   0x000000d0   Code   RO          924    i.as608_handshake   as608.o
    0x08002374   0x0000000a   Code   RO          925    i.as608_init        as608.o
    0x0800237e   0x00000002   PAD
    0x08002380   0x0000007c   Code   RO          927    i.as608_receve_reply  as608.o
    0x080023fc   0x00000154   Code   RO          928    i.as608_search_finger  as608.o
    0x08002550   0x0000003c   Code   RO          929    i.as608_send_cmd    as608.o
    0x0800258c   0x00000026   Code   RO         1153    i.delay_init        delay.o
    0x080025b2   0x00000002   PAD
    0x080025b4   0x00000060   Code   RO         1154    i.delay_ms          delay.o
    0x08002614   0x00000064   Code   RO         1155    i.delay_us          delay.o
    0x08002678   0x00000038   Code   RO         1042    i.flash_add_card    flash.o
    0x080026b0   0x00000050   Code   RO         1043    i.flash_add_password  flash.o
    0x08002700   0x00000060   Code   RO         1046    i.flash_delete_card  flash.o
    0x08002760   0x00000070   Code   RO         1047    i.flash_delete_password  flash.o
    0x080027d0   0x0000002c   Code   RO         1048    i.flash_get_card    flash.o
    0x080027fc   0x0000001c   Code   RO         1049    i.flash_get_card_count  flash.o
    0x08002818   0x00000030   Code   RO         1050    i.flash_get_password  flash.o
    0x08002848   0x0000001c   Code   RO         1051    i.flash_get_password_count  flash.o
    0x08002864   0x0000013c   Code   RO         1052    i.flash_init        flash.o
    0x080029a0   0x00000044   Code   RO         1054    i.flash_save_all    flash.o
    0x080029e4   0x0000002c   Code   RO         1055    i.flash_save_card_uid  flash.o
    0x08002a10   0x00000024   Code   RO         1195    i.fputc             uart.o
    0x08002a34   0x00000020   Code   RO            5    i.key_feedback      main.o
    0x08002a54   0x00000050   Code   RO            6    i.keyboard_mode_disable  main.o
    0x08002aa4   0x00000048   Code   RO            7    i.keyboard_mode_enable  main.o
    0x08002aec   0x000000b4   Code   RO          998    i.keypad_init       keypad.o
    0x08002ba0   0x0000005c   Code   RO          999    i.keypad_scan       keypad.o
    0x08002bfc   0x000000a4   Code   RO          444    i.led_init          led.o
    0x08002ca0   0x00000204   Code   RO            8    i.main              main.o
    0x08002ea4   0x00000074   Code   RO            9    i.manage_mode_disable  main.o
    0x08002f18   0x00000068   Code   RO           10    i.manage_mode_enable  main.o
    0x08002f80   0x00000038   Code   RO          742    i.oled_clear        oled.o
    0x08002fb8   0x00000100   Code   RO          743    i.oled_init         oled.o
    0x080030b8   0x00000016   Code   RO          744    i.oled_probe_addr   oled.o
    0x080030ce   0x00000002   PAD
    0x080030d0   0x0000009c   Code   RO          745    i.oled_show_string  oled.o
    0x0800316c   0x00000118   Code   RO         1196    i.parse_bl_cmd      uart.o
    0x08003284   0x00000530   Code   RO         1197    i.parse_cmd         uart.o
    0x080037b4   0x00000098   Code   RO         1828    i.prvAddCurrentTaskToDelayedList  tasks.o
    0x0800384c   0x000000b8   Code   RO         1829    i.prvAddNewTaskToReadyList  tasks.o
    0x08003904   0x00000064   Code   RO         2165    i.prvCheckForValidListAndQueue  timers.o
    0x08003968   0x00000064   Code   RO         1830    i.prvCheckTasksWaitingTermination  tasks.o
    0x080039cc   0x0000002a   Code   RO         1630    i.prvCopyDataFromQueue  queue.o
    0x080039f6   0x0000007c   Code   RO         1631    i.prvCopyDataToQueue  queue.o
    0x08003a72   0x00000012   Code   RO         1831    i.prvDeleteTCB      tasks.o
    0x08003a84   0x00000028   Code   RO         2166    i.prvGetNextExpireTime  timers.o
    0x08003aac   0x0000007c   Code   RO         1455    i.prvHeapInit       heap_4.o
    0x08003b28   0x00000028   Code   RO         1832    i.prvIdleTask       tasks.o
    0x08003b50   0x0000001c   Code   RO         1632    i.prvInitialiseMutex  queue.o
    0x08003b6c   0x0000002a   Code   RO         1633    i.prvInitialiseNewQueue  queue.o
    0x08003b96   0x000000b4   Code   RO         1833    i.prvInitialiseNewTask  tasks.o
    0x08003c4a   0x00000002   PAD
    0x08003c4c   0x00000068   Code   RO         1834    i.prvInitialiseTaskLists  tasks.o
    0x08003cb4   0x00000068   Code   RO         1456    i.prvInsertBlockIntoFreeList  heap_4.o
    0x08003d1c   0x00000058   Code   RO         2168    i.prvInsertTimerInActiveList  timers.o
    0x08003d74   0x0000001a   Code   RO         1634    i.prvIsQueueEmpty   queue.o
    0x08003d8e   0x0000001e   Code   RO         1635    i.prvIsQueueFull    queue.o
    0x08003dac   0x00000064   Code   RO         2169    i.prvProcessExpiredTimer  timers.o
    0x08003e10   0x000000f8   Code   RO         2170    i.prvProcessReceivedCommands  timers.o
    0x08003f08   0x00000074   Code   RO         2171    i.prvProcessTimerOrBlockTask  timers.o
    0x08003f7c   0x00000034   Code   RO         1836    i.prvResetNextTaskUnblockTime  tasks.o
    0x08003fb0   0x0000002c   Code   RO         2172    i.prvSampleTimeNow  timers.o
    0x08003fdc   0x000000a0   Code   RO         2173    i.prvSwitchTimerLists  timers.o
    0x0800407c   0x00000040   Code   RO         1554    i.prvTaskExitError  port.o
    0x080040bc   0x00000058   Code   RO         1838    i.prvTaskIsTaskSuspended  tasks.o
    0x08004114   0x0000001a   Code   RO         2174    i.prvTimerTask      timers.o
    0x0800412e   0x0000007e   Code   RO         1636    i.prvUnlockQueue    queue.o
    0x080041ac   0x0000013c   Code   RO         1457    i.pvPortMalloc      heap_4.o
    0x080042e8   0x00000020   Code   RO         1839    i.pvTaskIncrementMutexHeldCount  tasks.o
    0x08004308   0x0000002c   Code   RO         1555    i.pxPortInitialiseStack  port.o
    0x08004334   0x00000020   Code   RO          835    i.rc522_delay_ms    rc522.o
    0x08004354   0x000000e0   Code   RO          836    i.rc522_init        rc522.o
    0x08004434   0x00000044   Code   RO          837    i.rc522_read_card   rc522.o
    0x08004478   0x0000004c   Code   RO         1000    i.read_col          keypad.o
    0x080044c4   0x00000064   Code   RO         1001    i.set_row_low       keypad.o
    0x08004528   0x0000001c   Code   RO          838    i.spi_delay         rc522.o
    0x08004544   0x000000dc   Code   RO         1198    i.uart1_init        uart.o
    0x08004620   0x00000088   Code   RO         1201    i.uart2_init        uart.o
    0x080046a8   0x00000020   Code   RO         1202    i.uart2_putc        uart.o
    0x080046c8   0x00000016   Code   RO         1203    i.uart2_puts        uart.o
    0x080046de   0x00000002   PAD
    0x080046e0   0x000000b4   Code   RO         1205    i.uart3_init        uart.o
    0x08004794   0x00000020   Code   RO         1206    i.uart3_putc        uart.o
    0x080047b4   0x00000016   Code   RO         1207    i.uart3_puts        uart.o
    0x080047ca   0x00000028   Code   RO         1516    i.uxListRemove      list.o
    0x080047f2   0x00000002   PAD
    0x080047f4   0x000000ac   Code   RO           11    i.vFingerTask       main.o
    0x080048a0   0x0000074c   Code   RO           12    i.vKeyMenuTask      main.o
    0x08004fec   0x000001a8   Code   RO           13    i.vKeyTask          main.o
    0x08005194   0x0000001a   Code   RO         1517    i.vListInitialise   list.o
    0x080051ae   0x00000006   Code   RO         1518    i.vListInitialiseItem  list.o
    0x080051b4   0x00000034   Code   RO         1519    i.vListInsert       list.o
    0x080051e8   0x00000018   Code   RO         1520    i.vListInsertEnd    list.o
    0x08005200   0x000008d4   Code   RO           14    i.vManageTask       main.o
    0x08005ad4   0x00000150   Code   RO           15    i.vOledTask         main.o
    0x08005c24   0x00000054   Code   RO         1557    i.vPortEnterCritical  port.o
    0x08005c78   0x0000003c   Code   RO         1558    i.vPortExitCritical  port.o
    0x08005cb4   0x00000094   Code   RO         1458    i.vPortFree         heap_4.o
    0x08005d48   0x00000020   Code   RO         1559    i.vPortSetupTimerInterrupt  port.o
    0x08005d68   0x00000078   Code   RO         1560    i.vPortValidateInterruptPriority  port.o
    0x08005de0   0x000003c4   Code   RO           16    i.vPwdTask          main.o
    0x080061a4   0x0000002c   Code   RO         1642    i.vQueueAddToRegistry  queue.o
    0x080061d0   0x0000004a   Code   RO         1646    i.vQueueWaitForMessageRestricted  queue.o
    0x0800621a   0x00000002   PAD
    0x0800621c   0x00000188   Code   RO           17    i.vRfidTask         main.o
    0x080063a4   0x0000005c   Code   RO         1847    i.vTaskDelay        tasks.o
    0x08006400   0x000000f4   Code   RO         1849    i.vTaskDelete       tasks.o
    0x080064f4   0x0000000c   Code   RO         1852    i.vTaskMissedYield  tasks.o
    0x08006500   0x00000038   Code   RO         1854    i.vTaskPlaceOnEventList  tasks.o
    0x08006538   0x00000040   Code   RO         1855    i.vTaskPlaceOnEventListRestricted  tasks.o
    0x08006578   0x000000b0   Code   RO         1857    i.vTaskPriorityInherit  tasks.o
    0x08006628   0x00000090   Code   RO         1859    i.vTaskResume       tasks.o
    0x080066b8   0x00000030   Code   RO         1861    i.vTaskSetTimeOutState  tasks.o
    0x080066e8   0x00000094   Code   RO         1862    i.vTaskStartScheduler  tasks.o
    0x0800677c   0x000000e4   Code   RO         1863    i.vTaskSuspend      tasks.o
    0x08006860   0x00000010   Code   RO         1864    i.vTaskSuspendAll   tasks.o
    0x08006870   0x0000008c   Code   RO         1865    i.vTaskSwitchContext  tasks.o
    0x080068fc   0x00000012   Code   RO           18    i.vUartCmdTask      main.o
    0x0800690e   0x00000002   PAD
    0x08006910   0x000002b8   Code   RO           19    i.vUnlockExecTask   main.o
    0x08006bc8   0x00000900   Code   RO         1208    i.wifi_auto_connect  uart.o
    0x080074c8   0x00000024   Code   RO         1209    i.wifi_clear_buf    uart.o
    0x080074ec   0x00000030   Code   RO         1210    i.wifi_find_str     uart.o
    0x0800751c   0x0000008c   Code   RO         1212    i.wifi_wait_response  uart.o
    0x080075a8   0x0000013c   Code   RO         1561    i.xPortStartScheduler  port.o
    0x080076e4   0x00000022   Code   RO         1648    i.xQueueCreateMutex  queue.o
    0x08007706   0x00000058   Code   RO         1649    i.xQueueGenericCreate  queue.o
    0x0800775e   0x00000002   PAD
    0x08007760   0x000001c4   Code   RO         1650    i.xQueueGenericReceive  queue.o
    0x08007924   0x00000098   Code   RO         1651    i.xQueueGenericReset  queue.o
    0x080079bc   0x000001a8   Code   RO         1652    i.xQueueGenericSend  queue.o
    0x08007b64   0x000000f8   Code   RO         1653    i.xQueueGenericSendFromISR  queue.o
    0x08007c5c   0x0000008c   Code   RO         1866    i.xTaskCheckForTimeOut  tasks.o
    0x08007ce8   0x00000060   Code   RO         1867    i.xTaskCreate       tasks.o
    0x08007d48   0x00000020   Code   RO         1871    i.xTaskGetSchedulerState  tasks.o
    0x08007d68   0x0000000c   Code   RO         1872    i.xTaskGetTickCount  tasks.o
    0x08007d74   0x00000148   Code   RO         1874    i.xTaskIncrementTick  tasks.o
    0x08007ebc   0x000000c8   Code   RO         1877    i.xTaskPriorityDisinherit  tasks.o
    0x08007f84   0x00000098   Code   RO         1878    i.xTaskRemoveFromEventList  tasks.o
    0x0800801c   0x00000104   Code   RO         1880    i.xTaskResumeAll    tasks.o
    0x08008120   0x00000058   Code   RO         2178    i.xTimerCreateTimerTask  timers.o
    0x08008178   0x00000084   Code   RO         2179    i.xTimerGenericCommand  timers.o
    0x080081fc   0x000005f0   Data   RO          746    .constdata          oled.o
    0x080087ec   0x00000010   Data   RO         1002    .constdata          keypad.o
    0x080087fc   0x00000129   Data   RO           20    .conststring        main.o
    0x08008925   0x00000003   PAD
    0x08008928   0x00000020   Data   RO         4272    Region$$Table       anon$$obj.o


    Execution Region RW_IRAM1 (Base: 0x20000000, Size: 0x00013440, Max: 0x00020000, ABSOLUTE, COMPRESSED[0x0000004c])

    Base Addr    Size         Type   Attr      Idx    E Section Name        Object

    0x20000000   0x00000084   Data   RW           21    .data               main.o
    0x20000084   0x00000001   Data   RW          747    .data               oled.o
    0x20000085   0x00000001   Data   RW          839    .data               rc522.o
    0x20000086   0x00000001   Data   RW          930    .data               as608.o
    0x20000087   0x00000001   PAD
    0x20000088   0x00000004   Data   RW         1057    .data               flash.o
    0x2000008c   0x00000054   Data   RW         1214    .data               uart.o
    0x200000e0   0x00000018   Data   RW         1463    .data               heap_4.o
    0x200000f8   0x0000000c   Data   RW         1562    .data               port.o
    0x20000104   0x0000003c   Data   RW         1883    .data               tasks.o
    0x20000140   0x00000014   Data   RW         2185    .data               timers.o
    0x20000154   0x00000010   Data   RW         2812    .data               stm32f4xx_rcc.o
    0x20000164   0x00000014   Data   RW         3920    .data               system_stm32f4xx.o
    0x20000178   0x0000004c   Zero   RW         1056    .bss                flash.o
    0x200001c4   0x00000080   Zero   RW         1213    .bss                uart.o
    0x20000244   0x00012c00   Zero   RW         1462    .bss                heap_4.o
    0x20012e44   0x00000040   Zero   RW         1661    .bss                queue.o
    0x20012e84   0x00000190   Zero   RW         1882    .bss                tasks.o
    0x20013014   0x00000028   Zero   RW         2184    .bss                timers.o
    0x2001303c   0x00000004   PAD
    0x20013040   0x00000400   Zero   RW         3907    STACK               startup_stm32f40_41xxx.o


==============================================================================

Image component sizes


      Code (inc. data)   RO Data    RW Data    ZI Data      Debug   Object Name

      2734       1318          0          1          0       6636   as608.o
       234         14          0          0          0       1687   delay.o
         0          0          0          0          0      11668   event_groups.o
       920         70          0          4         76       7674   flash.o
       692         62          0         24      76800      11731   heap_4.o
       178         26          0          0          0       4564   key.o
       448         52         16          0          0       2320   keypad.o
       164         14          0          0          0        455   led.o
       148          0          0          0          0       2986   list.o
      8754       3032        297        132          0     336992   main.o
       140         24          0          0          0       1803   misc.o
       914         56       1520          1          0       6416   oled.o
       954         92          0         12          0      10513   port.o
      1934         22          0          0         64      13601   queue.o
      1056         34          0          1          0       9203   rc522.o
        36          8        392          0       1024        836   startup_stm32f40_41xxx.o
        36         10          0          0          0       1264   stm32f4xx_exti.o
       402         40          0          0          0       5069   stm32f4xx_flash.o
       240          0          0          0          0       3979   stm32f4xx_gpio.o
       328         36          0         16          0       5023   stm32f4xx_rcc.o
        68          0          0          0          0       3338   stm32f4xx_tim.o
       468          8          0          0          0       6759   stm32f4xx_usart.o
       340         32          0         20          0       1845   system_stm32f4xx.o
      3538        466          0         60        400      23596   tasks.o
       160         38          0          0          0       1415   timer.o
      1142        118          0         20         40       8587   timers.o
      5080       2684          0         84        128      13127   uart.o

    ----------------------------------------------------------------------
     31140       8256       2260        376      78536     503087   Object Totals
         0          0         32          0          0          0   (incl. Generated)
        32          0          3          1          4          0   (incl. Padding)

    ----------------------------------------------------------------------

      Code (inc. data)   RO Data    RW Data    ZI Data      Debug   Library Member Name

        86          0          0          0          0          0   __dczerorl2.o
         0          0          0          0          0          0   entry.o
         0          0          0          0          0          0   entry10a.o
         0          0          0          0          0          0   entry11a.o
         8          4          0          0          0          0   entry2.o
         4          0          0          0          0          0   entry5.o
         0          0          0          0          0          0   entry7b.o
         0          0          0          0          0          0   entry8b.o
         8          4          0          0          0          0   entry9a.o
        30          0          0          0          0          0   handlers.o
        36          8          0          0          0         68   init.o
        30          0          0          0          0         68   llshl.o
        32          0          0          0          0         68   llushr.o
        36          0          0          0          0         68   memcpya.o
        36          0          0          0          0        108   memseta.o
      1266         64          0          0          0        656   printf8.o
        18          0          0          0          0         68   strcpy.o
        14          0          0          0          0         68   strlen.o
        36          0          0          0          0         80   strstr.o
        98          0          0          0          0         92   uldiv.o

    ----------------------------------------------------------------------
      1744         80          0          0          0       1344   Library Totals
         6          0          0          0          0          0   (incl. Padding)

    ----------------------------------------------------------------------

      Code (inc. data)   RO Data    RW Data    ZI Data      Debug   Library Name

      1738         80          0          0          0       1344   mc_w.l

    ----------------------------------------------------------------------
      1744         80          0          0          0       1344   Library Totals

    ----------------------------------------------------------------------

==============================================================================


      Code (inc. data)   RO Data    RW Data    ZI Data      Debug   

     32884       8336       2260        376      78536     484639   Grand Totals
     32884       8336       2260         76      78536     484639   ELF Image Totals (compressed)
     32884       8336       2260         76          0          0   ROM Totals

==============================================================================

    Total RO  Size (Code + RO Data)                35144 (  34.32kB)
    Total RW  Size (RW Data + ZI Data)             78912 (  77.06kB)
    Total ROM Size (Code + RO Data + RW Data)      35220 (  34.39kB)

==============================================================================

